2025-12-31T23:29:19.7193928Z Prepare all required actions
2025-12-31T23:29:19.7194912Z Getting action download info
2025-12-31T23:29:19.8508704Z Download action repository 'astral-sh/setup-uv@v5' (SHA:d4b2f3b6ecc6e67c4457f6d3e41ec42d3d0fcb86)
2025-12-31T23:29:20.4577647Z ##[group]Run ./.github/actions/setup-python-uv
2025-12-31T23:29:20.4577994Z with:
2025-12-31T23:29:20.4578177Z   python-version: 3.12
2025-12-31T23:29:20.4578406Z   extras: --all-extras
2025-12-31T23:29:20.4578591Z env:
2025-12-31T23:29:20.4578763Z   PYTHON_VERSION: 3.12
2025-12-31T23:29:20.4578974Z   ARTIFACT_RETENTION_DAYS: 7
2025-12-31T23:29:20.4579201Z   COVERAGE_RETENTION_DAYS: 30
2025-12-31T23:29:20.4579418Z ##[endgroup]
2025-12-31T23:29:20.4698237Z ##[group]Run astral-sh/setup-uv@v5
2025-12-31T23:29:20.4698538Z with:
2025-12-31T23:29:20.4698741Z   enable-cache: true
2025-12-31T23:29:20.4699004Z   cache-dependency-glob: uv.lock
2025-12-31T23:29:20.4699393Z   github-token: ***
2025-12-31T23:29:20.4699602Z   prune-cache: true
2025-12-31T23:29:20.4699810Z   ignore-nothing-to-cache: false
2025-12-31T23:29:20.4700090Z   ignore-empty-workdir: false
2025-12-31T23:29:20.4700319Z env:
2025-12-31T23:29:20.4700489Z   PYTHON_VERSION: 3.12
2025-12-31T23:29:20.4700690Z   ARTIFACT_RETENTION_DAYS: 7
2025-12-31T23:29:20.4700913Z   COVERAGE_RETENTION_DAYS: 30
2025-12-31T23:29:20.4701119Z ##[endgroup]
2025-12-31T23:29:20.9740923Z Downloading uv from "https://github.com/astral-sh/uv/releases/download/0.9.21/uv-x86_64-unknown-linux-gnu.tar.gz" ...
2025-12-31T23:29:21.3891103Z [command]/usr/bin/tar xz --warning=no-unknown-keyword --overwrite -C /home/runner/work/_temp/4be181d5-a0a4-446c-8c14-d6af7788f20a -f /home/runner/work/_temp/80660caf-6c2b-4a87-9939-8dec7aced77f
2025-12-31T23:29:21.8210566Z Added /home/runner/.local/bin to the path
2025-12-31T23:29:21.8213635Z Added /opt/hostedtoolcache/uv/0.9.21/x86_64 to the path
2025-12-31T23:29:21.8249748Z Set UV_CACHE_DIR to /home/runner/work/_temp/setup-uv-cache
2025-12-31T23:29:21.8250387Z Successfully installed uv version 0.9.21
2025-12-31T23:29:21.8251007Z Searching files using cache dependency glob: uv.lock
2025-12-31T23:29:21.8264953Z /home/runner/work/egregora/egregora/uv.lock
2025-12-31T23:29:21.8292045Z Found 1 files to hash.
2025-12-31T23:29:21.9244125Z Trying to restore uv cache from GitHub Actions cache with key: setup-uv-1-x86_64-unknown-linux-gnu-3.12.3-10be5017aed523e4aa7cb2dcf54c5c16ccd6ad48d60311f571f393dcfca619f4
2025-12-31T23:29:22.0359343Z Cache hit for: setup-uv-1-x86_64-unknown-linux-gnu-3.12.3-10be5017aed523e4aa7cb2dcf54c5c16ccd6ad48d60311f571f393dcfca619f4
2025-12-31T23:29:22.6536139Z Received 5244690 of 5244690 (100.0%), 11.0 MBs/sec
2025-12-31T23:29:22.6536848Z Cache Size: ~5 MB (5244690 B)
2025-12-31T23:29:22.6567834Z [command]/usr/bin/tar -xf /home/runner/work/_temp/b9bc6f80-3f76-45eb-b555-ac69a73dd09d/cache.tzst -P -C /home/runner/work/egregora/egregora --use-compress-program unzstd
2025-12-31T23:29:22.7054316Z Cache restored successfully
2025-12-31T23:29:22.7071352Z uv cache restored from GitHub Actions cache with key: setup-uv-1-x86_64-unknown-linux-gnu-3.12.3-10be5017aed523e4aa7cb2dcf54c5c16ccd6ad48d60311f571f393dcfca619f4
2025-12-31T23:29:22.7219963Z ##[group]Run uv python install 3.12
2025-12-31T23:29:22.7220350Z [36;1muv python install 3.12[0m
2025-12-31T23:29:22.7257934Z shell: /usr/bin/bash --noprofile --norc -e -o pipefail {0}
2025-12-31T23:29:22.7258302Z env:
2025-12-31T23:29:22.7258502Z   PYTHON_VERSION: 3.12
2025-12-31T23:29:22.7258751Z   ARTIFACT_RETENTION_DAYS: 7
2025-12-31T23:29:22.7259000Z   COVERAGE_RETENTION_DAYS: 30
2025-12-31T23:29:22.7259285Z   UV_CACHE_DIR: /home/runner/work/_temp/setup-uv-cache
2025-12-31T23:29:22.7259588Z ##[endgroup]
2025-12-31T23:29:22.9750591Z Downloading cpython-3.12.12-linux-x86_64-gnu (download) (31.7MiB)
2025-12-31T23:29:23.8389237Z  Downloaded cpython-3.12.12-linux-x86_64-gnu (download)
2025-12-31T23:29:23.8442643Z Installed Python 3.12.12 in 1.10s
2025-12-31T23:29:23.8443212Z  + cpython-3.12.12-linux-x86_64-gnu (python3.12)
2025-12-31T23:29:23.8496429Z ##[group]Run uv sync --all-extras
2025-12-31T23:29:23.8497486Z [36;1muv sync --all-extras[0m
2025-12-31T23:29:23.8529698Z shell: /usr/bin/bash --noprofile --norc -e -o pipefail {0}
2025-12-31T23:29:23.8530023Z env:
2025-12-31T23:29:23.8530204Z   PYTHON_VERSION: 3.12
2025-12-31T23:29:23.8530413Z   ARTIFACT_RETENTION_DAYS: 7
2025-12-31T23:29:23.8530636Z   COVERAGE_RETENTION_DAYS: 30
2025-12-31T23:29:23.8530899Z   UV_CACHE_DIR: /home/runner/work/_temp/setup-uv-cache
2025-12-31T23:29:23.8531168Z ##[endgroup]
2025-12-31T23:29:24.0253719Z Using CPython 3.12.12
2025-12-31T23:29:24.0254286Z Creating virtual environment at: .venv
2025-12-31T23:29:24.0352751Z Resolved 267 packages in 0.96ms
2025-12-31T23:29:24.0514462Z    Building egregora @ file:///home/runner/work/egregora/egregora
2025-12-31T23:29:24.0912549Z Downloading lupa (2.0MiB)
2025-12-31T23:29:24.1094792Z Downloading faker (1.9MiB)
2025-12-31T23:29:24.1095527Z Downloading pillow (6.3MiB)
2025-12-31T23:29:24.1098069Z Downloading tiktoken (1.1MiB)
2025-12-31T23:29:24.1099795Z Downloading beartype (1.3MiB)
2025-12-31T23:29:24.1102183Z Downloading aiohttp (1.7MiB)
2025-12-31T23:29:24.1104194Z Downloading openai (1.0MiB)
2025-12-31T23:29:24.1106448Z Downloading fastavro (3.3MiB)
2025-12-31T23:29:24.1109343Z Downloading pydantic-core (2.0MiB)
2025-12-31T23:29:24.1111044Z Downloading google-ai-generativelanguage (1.3MiB)
2025-12-31T23:29:24.1113608Z Downloading babel (9.7MiB)
2025-12-31T23:29:24.1117573Z Downloading mkdocs (3.7MiB)
2025-12-31T23:29:24.1121608Z Downloading selectolax (2.2MiB)
2025-12-31T23:29:24.1125947Z Downloading mkdocs-material (8.9MiB)
2025-12-31T23:29:24.1128990Z Downloading cryptography (4.3MiB)
2025-12-31T23:29:24.1130531Z Downloading pyarrow (45.5MiB)
2025-12-31T23:29:24.1132751Z Downloading hf-xet (3.2MiB)
2025-12-31T23:29:24.1135072Z Downloading lxml (5.0MiB)
2025-12-31T23:29:24.1137357Z Downloading temporalio (11.6MiB)
2025-12-31T23:29:24.1140224Z Downloading tokenizers (3.1MiB)
2025-12-31T23:29:24.1142219Z Downloading ruff (13.6MiB)
2025-12-31T23:29:24.1146634Z Downloading virtualenv (5.7MiB)
2025-12-31T23:29:24.1149075Z Downloading botocore (13.9MiB)
2025-12-31T23:29:24.1151415Z Downloading grpcio (6.3MiB)
2025-12-31T23:29:24.1153813Z Downloading ibis-framework (1.8MiB)
2025-12-31T23:29:24.1158973Z Downloading google-api-python-client (14.0MiB)
2025-12-31T23:29:24.1161387Z Downloading scikit-learn (8.5MiB)
2025-12-31T23:29:24.1163743Z Downloading lancedb (43.8MiB)
2025-12-31T23:29:24.1166395Z Downloading numpy (15.6MiB)
2025-12-31T23:29:24.1169818Z Downloading deptry (1.8MiB)
2025-12-31T23:29:24.1172970Z Downloading scipy (34.0MiB)
2025-12-31T23:29:24.1178163Z Downloading duckdb (19.5MiB)
2025-12-31T23:29:24.1180747Z Downloading pygments (1.2MiB)
2025-12-31T23:29:24.1183399Z Downloading pandas (11.8MiB)
2025-12-31T23:29:24.8380931Z  Downloaded tiktoken
2025-12-31T23:29:24.8688045Z  Downloaded pygments
2025-12-31T23:29:24.9580748Z  Downloaded beartype
2025-12-31T23:29:24.9988006Z  Downloaded google-ai-generativelanguage
2025-12-31T23:29:25.2221840Z  Downloaded deptry
2025-12-31T23:29:25.2319904Z  Downloaded aiohttp
2025-12-31T23:29:25.3822736Z  Downloaded lupa
2025-12-31T23:29:25.4160140Z  Downloaded pydantic-core
2025-12-31T23:29:25.5732039Z  Downloaded selectolax
2025-12-31T23:29:25.8810889Z  Downloaded openai
2025-12-31T23:29:25.8892107Z  Downloaded hf-xet
2025-12-31T23:29:25.8993297Z  Downloaded tokenizers
2025-12-31T23:29:25.9350723Z  Downloaded faker
2025-12-31T23:29:25.9474023Z  Downloaded fastavro
2025-12-31T23:29:26.0424797Z  Downloaded mkdocs
2025-12-31T23:29:26.2499181Z  Downloaded cryptography
2025-12-31T23:29:26.3409804Z  Downloaded lxml
2025-12-31T23:29:26.3450177Z       Built egregora @ file:///home/runner/work/egregora/egregora
2025-12-31T23:29:26.4587798Z  Downloaded virtualenv
2025-12-31T23:29:26.5292835Z  Downloaded pillow
2025-12-31T23:29:26.5360039Z  Downloaded grpcio
2025-12-31T23:29:26.8879836Z  Downloaded scikit-learn
2025-12-31T23:29:26.9580899Z  Downloaded babel
2025-12-31T23:29:27.1302260Z  Downloaded ibis-framework
2025-12-31T23:29:27.3297564Z  Downloaded temporalio
2025-12-31T23:29:27.4247588Z  Downloaded ruff
2025-12-31T23:29:27.4547267Z  Downloaded google-api-python-client
2025-12-31T23:29:27.5835027Z  Downloaded numpy
2025-12-31T23:29:27.6019572Z  Downloaded botocore
2025-12-31T23:29:27.7467459Z  Downloaded duckdb
2025-12-31T23:29:27.8117782Z  Downloaded pandas
2025-12-31T23:29:28.2546383Z  Downloaded lancedb
2025-12-31T23:29:28.2669378Z  Downloaded scipy
2025-12-31T23:29:28.3552018Z  Downloaded pyarrow
2025-12-31T23:29:29.4620936Z  Downloaded mkdocs-material
2025-12-31T23:29:29.4622999Z Prepared 261 packages in 5.42s
2025-12-31T23:29:30.1957295Z Installed 261 packages in 733ms
2025-12-31T23:29:30.1959699Z  + ag-ui-protocol==0.1.10
2025-12-31T23:29:30.1960216Z  + aiohappyeyeballs==2.6.1
2025-12-31T23:29:30.1960702Z  + aiohttp==3.13.2
2025-12-31T23:29:30.1961118Z  + aiosignal==1.4.0
2025-12-31T23:29:30.1961472Z  + annotated-types==0.7.0
2025-12-31T23:29:30.1961815Z  + anthropic==0.75.0
2025-12-31T23:29:30.1963196Z  + anyio==4.12.0
2025-12-31T23:29:30.1963583Z  + argcomplete==3.6.3
2025-12-31T23:29:30.1963926Z  + atpublic==7.0.0
2025-12-31T23:29:30.1964230Z  + attrs==25.4.0
2025-12-31T23:29:30.1964531Z  + authlib==1.6.6
2025-12-31T23:29:30.1964854Z  + babel==2.17.0
2025-12-31T23:29:30.1965145Z  + backrefs==6.1
2025-12-31T23:29:30.1965567Z  + bandit==1.9.2
2025-12-31T23:29:30.1965991Z  + beartype==0.22.9
2025-12-31T23:29:30.1966363Z  + boto3==1.42.17
2025-12-31T23:29:30.1966730Z  + botocore==1.42.17
2025-12-31T23:29:30.1967279Z  + cachecontrol==0.14.4
2025-12-31T23:29:30.1967702Z  + cachetools==6.2.4
2025-12-31T23:29:30.1968091Z  + cairocffi==1.7.1
2025-12-31T23:29:30.1968680Z  + cairosvg==2.8.2
2025-12-31T23:29:30.1969049Z  + certifi==2025.11.12
2025-12-31T23:29:30.1969378Z  + cffi==2.0.0
2025-12-31T23:29:30.1969974Z  + cfgv==3.5.0
2025-12-31T23:29:30.1970302Z  + charset-normalizer==3.4.4
2025-12-31T23:29:30.1970687Z  + click==8.3.1
2025-12-31T23:29:30.1971005Z  + cloudpickle==3.1.2
2025-12-31T23:29:30.1971358Z  + codespell==2.4.1
2025-12-31T23:29:30.1971691Z  + cohere==5.20.1
2025-12-31T23:29:30.1972010Z  + colorama==0.4.6
2025-12-31T23:29:30.1972332Z  + coverage==7.13.1
2025-12-31T23:29:30.1972646Z  + cryptography==46.0.3
2025-12-31T23:29:30.1972987Z  + csscompressor==0.9.5
2025-12-31T23:29:30.1973321Z  + cssselect2==0.8.0
2025-12-31T23:29:30.1973645Z  + cyclopts==4.4.3
2025-12-31T23:29:30.1973946Z  + defusedxml==0.7.1
2025-12-31T23:29:30.1974259Z  + deprecation==2.1.0
2025-12-31T23:29:30.1974577Z  + deptry==0.24.0
2025-12-31T23:29:30.1974871Z  + diskcache==5.6.3
2025-12-31T23:29:30.1975151Z  + distlib==0.4.0
2025-12-31T23:29:30.1975413Z  + distro==1.9.0
2025-12-31T23:29:30.1975737Z  + dnspython==2.8.0
2025-12-31T23:29:30.1976051Z  + docstring-parser==0.17.0
2025-12-31T23:29:30.1976377Z  + docutils==0.22.4
2025-12-31T23:29:30.1976667Z  + duckdb==1.4.3
2025-12-31T23:29:30.1977269Z  + egregora==2.0.0 (from file:///home/runner/work/egregora/egregora)
2025-12-31T23:29:30.1977781Z  + email-validator==2.3.0
2025-12-31T23:29:30.1978108Z  + eval-type-backport==0.3.1
2025-12-31T23:29:30.1978502Z  + exceptiongroup==1.3.1
2025-12-31T23:29:30.1978869Z  + execnet==2.1.2
2025-12-31T23:29:30.1979204Z  + executing==2.2.1
2025-12-31T23:29:30.1979495Z  + faker==39.0.0
2025-12-31T23:29:30.1979804Z  + fakeredis==2.33.0
2025-12-31T23:29:30.1980121Z  + fastavro==1.12.1
2025-12-31T23:29:30.1980424Z  + fastmcp==2.14.1
2025-12-31T23:29:30.1980718Z  + filelock==3.20.1
2025-12-31T23:29:30.1981016Z  + freezegun==1.5.5
2025-12-31T23:29:30.1981330Z  + frozenlist==1.8.0
2025-12-31T23:29:30.1981671Z  + fsspec==2025.12.0
2025-12-31T23:29:30.1982000Z  + genai-prices==0.0.49
2025-12-31T23:29:30.1982379Z  + ghp-import==2.1.0
2025-12-31T23:29:30.1982734Z  + gitdb==4.0.12
2025-12-31T23:29:30.1983050Z  + gitpython==3.1.45
2025-12-31T23:29:30.1983425Z  + google-ai-generativelanguage==0.6.15
2025-12-31T23:29:30.1984040Z  + google-api-core==2.28.1
2025-12-31T23:29:30.1984514Z  + google-api-python-client==2.187.0
2025-12-31T23:29:30.1984951Z  + google-auth==2.45.0
2025-12-31T23:29:30.1985318Z  + google-auth-httplib2==0.3.0
2025-12-31T23:29:30.1986019Z  + google-genai==1.56.0
2025-12-31T23:29:30.1986379Z  + google-generativeai==0.8.6
2025-12-31T23:29:30.1986823Z  + googleapis-common-protos==1.72.0
2025-12-31T23:29:30.1987374Z  + griffe==1.15.0
2025-12-31T23:29:30.1987695Z  + groq==1.0.0
2025-12-31T23:29:30.1988003Z  + grpcio==1.76.0
2025-12-31T23:29:30.1988338Z  + grpcio-status==1.71.2
2025-12-31T23:29:30.1988734Z  + h11==0.16.0
2025-12-31T23:29:30.1989020Z  + hf-xet==1.2.0
2025-12-31T23:29:30.1989333Z  + hjson==3.1.0
2025-12-31T23:29:30.1989643Z  + htmlmin2==0.1.13
2025-12-31T23:29:30.1990024Z  + httpcore==1.0.9
2025-12-31T23:29:30.1990322Z  + httplib2==0.31.0
2025-12-31T23:29:30.1990630Z  + httpx==0.28.1
2025-12-31T23:29:30.1990943Z  + httpx-sse==0.4.3
2025-12-31T23:29:30.1991287Z  + huggingface-hub==0.36.0
2025-12-31T23:29:30.1991658Z  + hypothesis==6.148.8
2025-12-31T23:29:30.1992014Z  + ibis-framework==11.0.0
2025-12-31T23:29:30.1992378Z  + identify==2.6.15
2025-12-31T23:29:30.1992673Z  + idna==3.11
2025-12-31T23:29:30.1993012Z  + importlib-metadata==8.7.1
2025-12-31T23:29:30.1993367Z  + iniconfig==2.3.0
2025-12-31T23:29:30.1993663Z  + invoke==2.2.1
2025-12-31T23:29:30.1993969Z  + jaraco-classes==3.4.0
2025-12-31T23:29:30.1994305Z  + jaraco-context==6.0.2
2025-12-31T23:29:30.1994649Z  + jaraco-functools==4.4.0
2025-12-31T23:29:30.1994988Z  + jeepney==0.9.0
2025-12-31T23:29:30.1995283Z  + jinja2==3.1.6
2025-12-31T23:29:30.1995558Z  + jiter==0.12.0
2025-12-31T23:29:30.1995848Z  + jmespath==1.0.1
2025-12-31T23:29:30.1996152Z  + joblib==1.5.3
2025-12-31T23:29:30.1996439Z  + jsmin==3.0.1
2025-12-31T23:29:30.1996727Z  + jsonschema==4.25.1
2025-12-31T23:29:30.1997231Z  + jsonschema-path==0.3.4
2025-12-31T23:29:30.1997613Z  + jsonschema-specifications==2025.9.1
2025-12-31T23:29:30.1998237Z  + keyring==25.7.0
2025-12-31T23:29:30.1998543Z  + lance-namespace==0.4.0
2025-12-31T23:29:30.1998926Z  + lance-namespace-urllib3-client==0.4.0
2025-12-31T23:29:30.1999340Z  + lancedb==0.26.0
2025-12-31T23:29:30.1999629Z  + logfire==4.16.0
2025-12-31T23:29:30.1999928Z  + logfire-api==4.16.0
2025-12-31T23:29:30.2000237Z  + lupa==2.6
2025-12-31T23:29:30.2000514Z  + lxml==6.0.2
2025-12-31T23:29:30.2000807Z  + mando==0.7.1
2025-12-31T23:29:30.2001055Z  + markdown==3.10
2025-12-31T23:29:30.2001363Z  + markdown-it-py==4.0.0
2025-12-31T23:29:30.2001684Z  + markupsafe==3.0.3
2025-12-31T23:29:30.2001964Z  + mcp==1.25.0
2025-12-31T23:29:30.2002213Z  + mdurl==0.1.2
2025-12-31T23:29:30.2002482Z  + mergedeep==1.3.4
2025-12-31T23:29:30.2002764Z  + mistralai==1.9.11
2025-12-31T23:29:30.2003047Z  + mkdocs==1.6.1
2025-12-31T23:29:30.2003332Z  + mkdocs-autorefs==1.4.3
2025-12-31T23:29:30.2003695Z  + mkdocs-blogging-plugin==2.2.11
2025-12-31T23:29:30.2004090Z  + mkdocs-get-deps==0.2.0
2025-12-31T23:29:30.2004554Z  + mkdocs-git-revision-date-localized-plugin==1.5.0
2025-12-31T23:29:30.2005068Z  + mkdocs-glightbox==0.5.2
2025-12-31T23:29:30.2005458Z  + mkdocs-macros-plugin==1.5.0
2025-12-31T23:29:30.2005848Z  + mkdocs-material==9.7.1
2025-12-31T23:29:30.2006208Z  + mkdocs-material-extensions==1.3.1
2025-12-31T23:29:30.2006626Z  + mkdocs-minify-plugin==0.8.0
2025-12-31T23:29:30.2007221Z  + mkdocs-rss-plugin==1.17.7
2025-12-31T23:29:30.2007640Z  + mkdocs-static-i18n==1.3.0
2025-12-31T23:29:30.2008030Z  + mkdocstrings==1.0.0
2025-12-31T23:29:30.2008382Z  + mkdocstrings-python==2.0.1
2025-12-31T23:29:30.2008965Z  + more-itertools==10.8.0
2025-12-31T23:29:30.2009451Z  + msgpack==1.1.2
2025-12-31T23:29:30.2009862Z  + multidict==6.7.0
2025-12-31T23:29:30.2010272Z  + nexus-rpc==1.2.0
2025-12-31T23:29:30.2010665Z  + nodeenv==1.10.0
2025-12-31T23:29:30.2011085Z  + numpy==2.4.0
2025-12-31T23:29:30.2011505Z  + openai==2.14.0
2025-12-31T23:29:30.2011990Z  + openapi-pydantic==0.5.1
2025-12-31T23:29:30.2012512Z  + opentelemetry-api==1.39.1
2025-12-31T23:29:30.2013001Z  + opentelemetry-exporter-otlp-proto-common==1.39.1
2025-12-31T23:29:30.2013568Z  + opentelemetry-exporter-otlp-proto-http==1.39.1
2025-12-31T23:29:30.2014115Z  + opentelemetry-exporter-prometheus==0.60b1
2025-12-31T23:29:30.2014853Z  + opentelemetry-instrumentation==0.60b1
2025-12-31T23:29:30.2015371Z  + opentelemetry-instrumentation-httpx==0.60b1
2025-12-31T23:29:30.2015869Z  + opentelemetry-proto==1.39.1
2025-12-31T23:29:30.2016280Z  + opentelemetry-sdk==1.39.1
2025-12-31T23:29:30.2016720Z  + opentelemetry-semantic-conventions==0.60b1
2025-12-31T23:29:30.2017385Z  + opentelemetry-util-http==0.60b1
2025-12-31T23:29:30.2017784Z  + packaging==25.0
2025-12-31T23:29:30.2018087Z  + paginate==0.5.7
2025-12-31T23:29:30.2018402Z  + pandas==2.3.3
2025-12-31T23:29:30.2018707Z  + parsy==2.2
2025-12-31T23:29:30.2018999Z  + pathable==0.4.4
2025-12-31T23:29:30.2019312Z  + pathspec==0.12.1
2025-12-31T23:29:30.2019636Z  + pathvalidate==3.3.1
2025-12-31T23:29:30.2019953Z  + pillow==11.3.0
2025-12-31T23:29:30.2020273Z  + platformdirs==4.5.1
2025-12-31T23:29:30.2020596Z  + pluggy==1.6.0
2025-12-31T23:29:30.2020899Z  + pre-commit==4.5.1
2025-12-31T23:29:30.2021230Z  + prometheus-client==0.23.1
2025-12-31T23:29:30.2021611Z  + prompt-toolkit==3.0.52
2025-12-31T23:29:30.2021962Z  + propcache==0.4.1
2025-12-31T23:29:30.2022273Z  + proto-plus==1.27.0
2025-12-31T23:29:30.2022582Z  + protobuf==5.29.5
2025-12-31T23:29:30.2022890Z  + py-cpuinfo==9.0.0
2025-12-31T23:29:30.2023216Z  + py-key-value-aio==0.3.0
2025-12-31T23:29:30.2023609Z  + py-key-value-shared==0.3.0
2025-12-31T23:29:30.2023964Z  + pyarrow==22.0.0
2025-12-31T23:29:30.2024274Z  + pyarrow-hotfix==0.7
2025-12-31T23:29:30.2024597Z  + pyasn1==0.6.1
2025-12-31T23:29:30.2024908Z  + pyasn1-modules==0.4.2
2025-12-31T23:29:30.2025268Z  + pycparser==2.23
2025-12-31T23:29:30.2025564Z  + pydantic==2.12.5
2025-12-31T23:29:30.2025873Z  + pydantic-ai==1.39.0
2025-12-31T23:29:30.2026207Z  + pydantic-ai-slim==1.39.0
2025-12-31T23:29:30.2026568Z  + pydantic-core==2.41.5
2025-12-31T23:29:30.2027277Z  + pydantic-evals==1.39.0
2025-12-31T23:29:30.2027633Z  + pydantic-graph==1.39.0
2025-12-31T23:29:30.2027992Z  + pydantic-settings==2.12.0
2025-12-31T23:29:30.2028350Z  + pydocket==0.16.3
2025-12-31T23:29:30.2028655Z  + pygments==2.19.2
2025-12-31T23:29:30.2028954Z  + pyjwt==2.10.1
2025-12-31T23:29:30.2029271Z  + pymdown-extensions==10.19.1
2025-12-31T23:29:30.2029640Z  + pyparsing==3.3.1
2025-12-31T23:29:30.2029941Z  + pyperclip==1.11.0
2025-12-31T23:29:30.2042252Z  + pytest==9.0.2
2025-12-31T23:29:30.2042629Z  + pytest-asyncio==1.3.0
2025-12-31T23:29:30.2043009Z  + pytest-benchmark==5.2.3
2025-12-31T23:29:30.2043378Z  + pytest-cov==7.0.0
2025-12-31T23:29:30.2043753Z  + pytest-mock==3.15.1
2025-12-31T23:29:30.2044087Z  + pytest-socket==0.7.0
2025-12-31T23:29:30.2044418Z  + pytest-xdist==3.8.0
2025-12-31T23:29:30.2044759Z  + python-dateutil==2.9.0.post0
2025-12-31T23:29:30.2045147Z  + python-dotenv==1.2.1
2025-12-31T23:29:30.2045388Z  + python-frontmatter==1.1.0
2025-12-31T23:29:30.2045628Z  + python-json-logger==4.0.0
2025-12-31T23:29:30.2045866Z  + python-multipart==0.0.21
2025-12-31T23:29:30.2046088Z  + pytz==2025.2
2025-12-31T23:29:30.2046271Z  + pyyaml==6.0.3
2025-12-31T23:29:30.2046456Z  + pyyaml-env-tag==1.1
2025-12-31T23:29:30.2046661Z  + radon==6.0.1
2025-12-31T23:29:30.2046838Z  + ratelimit==2.2.1
2025-12-31T23:29:30.2047229Z  + redis==7.1.0
2025-12-31T23:29:30.2047409Z  + referencing==0.36.2
2025-12-31T23:29:30.2047596Z  + regex==2025.11.3
2025-12-31T23:29:30.2047773Z  + requests==2.32.5
2025-12-31T23:29:30.2047969Z  + requirements-parser==0.13.0
2025-12-31T23:29:30.2048189Z  + respx==0.22.0
2025-12-31T23:29:30.2048366Z  + rich==14.2.0
2025-12-31T23:29:30.2048538Z  + rich-rst==1.3.2
2025-12-31T23:29:30.2048722Z  + rpds-py==0.30.0
2025-12-31T23:29:30.2048892Z  + rsa==4.9.1
2025-12-31T23:29:30.2049062Z  + ruff==0.14.10
2025-12-31T23:29:30.2049242Z  + s3transfer==0.16.0
2025-12-31T23:29:30.2049433Z  + scikit-learn==1.8.0
2025-12-31T23:29:30.2049625Z  + scipy==1.16.3
2025-12-31T23:29:30.2049820Z  + secretstorage==3.5.0
2025-12-31T23:29:30.2050037Z  + selectolax==0.4.6
2025-12-31T23:29:30.2050228Z  + shellingham==1.5.4
2025-12-31T23:29:30.2050408Z  + six==1.17.0
2025-12-31T23:29:30.2050583Z  + smmap==5.0.2
2025-12-31T23:29:30.2050969Z  + sniffio==1.3.1
2025-12-31T23:29:30.2051167Z  + sortedcontainers==2.4.0
2025-12-31T23:29:30.2051370Z  + sqlglot==28.5.0
2025-12-31T23:29:30.2051556Z  + sse-starlette==3.1.1
2025-12-31T23:29:30.2051753Z  + starlette==0.50.0
2025-12-31T23:29:30.2051937Z  + stevedore==5.6.0
2025-12-31T23:29:30.2052124Z  + super-collections==0.6.2
2025-12-31T23:29:30.2052328Z  + syrupy==5.0.0
2025-12-31T23:29:30.2052514Z  + temporalio==1.20.0
2025-12-31T23:29:30.2052706Z  + tenacity==9.1.2
2025-12-31T23:29:30.2052883Z  + termcolor==3.2.0
2025-12-31T23:29:30.2053076Z  + threadpoolctl==3.6.0
2025-12-31T23:29:30.2053280Z  + tiktoken==0.12.0
2025-12-31T23:29:30.2053461Z  + tinycss2==1.5.1
2025-12-31T23:29:30.2053641Z  + tokenizers==0.22.1
2025-12-31T23:29:30.2053840Z  + tomli-w==1.2.0
2025-12-31T23:29:30.2054020Z  + toolz==1.1.0
2025-12-31T23:29:30.2054191Z  + tqdm==4.67.1
2025-12-31T23:29:30.2054362Z  + typer==0.21.0
2025-12-31T23:29:30.2054561Z  + types-protobuf==6.32.1.20251210
2025-12-31T23:29:30.2054808Z  + types-requests==2.32.4.20250913
2025-12-31T23:29:30.2055033Z  + typing-extensions==4.15.0
2025-12-31T23:29:30.2055259Z  + typing-inspection==0.4.2
2025-12-31T23:29:30.2055465Z  + tzdata==2024.2
2025-12-31T23:29:30.2055647Z  + uritemplate==4.2.0
2025-12-31T23:29:30.2055833Z  + urllib3==2.6.2
2025-12-31T23:29:30.2056004Z  + uvicorn==0.40.0
2025-12-31T23:29:30.2056185Z  + virtualenv==20.35.4
2025-12-31T23:29:30.2056374Z  + vulture==2.14
2025-12-31T23:29:30.2056545Z  + watchdog==6.0.0
2025-12-31T23:29:30.2056722Z  + wcwidth==0.2.14
2025-12-31T23:29:30.2056901Z  + webencodings==0.5.1
2025-12-31T23:29:30.2057352Z  + websockets==15.0.1
2025-12-31T23:29:30.2057538Z  + wrapt==1.17.3
2025-12-31T23:29:30.2057714Z  + xenon==0.9.3
2025-12-31T23:29:30.2057882Z  + yarl==1.22.0
2025-12-31T23:29:30.2058174Z  + zipp==3.23.0
