2025-12-31T23:29:20.5933515Z Prepare all required actions
2025-12-31T23:29:20.5933993Z Getting action download info
2025-12-31T23:29:20.7562087Z Download action repository 'astral-sh/setup-uv@v5' (SHA:d4b2f3b6ecc6e67c4457f6d3e41ec42d3d0fcb86)
2025-12-31T23:29:21.3752060Z ##[group]Run ./.github/actions/setup-python-uv
2025-12-31T23:29:21.3752395Z with:
2025-12-31T23:29:21.3752570Z   python-version: 3.12
2025-12-31T23:29:21.3752781Z   extras: --all-extras
2025-12-31T23:29:21.3752956Z env:
2025-12-31T23:29:21.3753125Z   PYTHON_VERSION: 3.12
2025-12-31T23:29:21.3753331Z   ARTIFACT_RETENTION_DAYS: 7
2025-12-31T23:29:21.3753550Z   COVERAGE_RETENTION_DAYS: 30
2025-12-31T23:29:21.3753769Z ##[endgroup]
2025-12-31T23:29:21.3870348Z ##[group]Run astral-sh/setup-uv@v5
2025-12-31T23:29:21.3870665Z with:
2025-12-31T23:29:21.3870854Z   enable-cache: true
2025-12-31T23:29:21.3871077Z   cache-dependency-glob: uv.lock
2025-12-31T23:29:21.3871466Z   github-token: ***
2025-12-31T23:29:21.3871660Z   prune-cache: true
2025-12-31T23:29:21.3871861Z   ignore-nothing-to-cache: false
2025-12-31T23:29:21.3872143Z   ignore-empty-workdir: false
2025-12-31T23:29:21.3872357Z env:
2025-12-31T23:29:21.3872521Z   PYTHON_VERSION: 3.12
2025-12-31T23:29:21.3872716Z   ARTIFACT_RETENTION_DAYS: 7
2025-12-31T23:29:21.3872944Z   COVERAGE_RETENTION_DAYS: 30
2025-12-31T23:29:21.3873147Z ##[endgroup]
2025-12-31T23:29:21.9608312Z Downloading uv from "https://github.com/astral-sh/uv/releases/download/0.9.21/uv-x86_64-unknown-linux-gnu.tar.gz" ...
2025-12-31T23:29:22.3885153Z [command]/usr/bin/tar xz --warning=no-unknown-keyword --overwrite -C /home/runner/work/_temp/7637e237-f998-4ce8-a605-ca521af818e0 -f /home/runner/work/_temp/97dd3b3f-c2ed-4a52-82e2-30e0947cb0de
2025-12-31T23:29:22.8371034Z Added /home/runner/.local/bin to the path
2025-12-31T23:29:22.8374567Z Added /opt/hostedtoolcache/uv/0.9.21/x86_64 to the path
2025-12-31T23:29:22.8399875Z Set UV_CACHE_DIR to /home/runner/work/_temp/setup-uv-cache
2025-12-31T23:29:22.8400536Z Successfully installed uv version 0.9.21
2025-12-31T23:29:22.8401134Z Searching files using cache dependency glob: uv.lock
2025-12-31T23:29:22.8428428Z /home/runner/work/egregora/egregora/uv.lock
2025-12-31T23:29:22.8455410Z Found 1 files to hash.
2025-12-31T23:29:22.9412527Z Trying to restore uv cache from GitHub Actions cache with key: setup-uv-1-x86_64-unknown-linux-gnu-3.12.3-10be5017aed523e4aa7cb2dcf54c5c16ccd6ad48d60311f571f393dcfca619f4
2025-12-31T23:29:23.1782878Z Cache hit for: setup-uv-1-x86_64-unknown-linux-gnu-3.12.3-10be5017aed523e4aa7cb2dcf54c5c16ccd6ad48d60311f571f393dcfca619f4
2025-12-31T23:29:24.4635626Z Received 5244690 of 5244690 (100.0%), 5.0 MBs/sec
2025-12-31T23:29:24.4636539Z Cache Size: ~5 MB (5244690 B)
2025-12-31T23:29:24.4667340Z [command]/usr/bin/tar -xf /home/runner/work/_temp/2d3ad478-0aaf-447b-80e8-417b83113621/cache.tzst -P -C /home/runner/work/egregora/egregora --use-compress-program unzstd
2025-12-31T23:29:24.5174578Z Cache restored successfully
2025-12-31T23:29:24.5195285Z uv cache restored from GitHub Actions cache with key: setup-uv-1-x86_64-unknown-linux-gnu-3.12.3-10be5017aed523e4aa7cb2dcf54c5c16ccd6ad48d60311f571f393dcfca619f4
2025-12-31T23:29:24.5351971Z ##[group]Run uv python install 3.12
2025-12-31T23:29:24.5352340Z [36;1muv python install 3.12[0m
2025-12-31T23:29:24.5389906Z shell: /usr/bin/bash --noprofile --norc -e -o pipefail {0}
2025-12-31T23:29:24.5390267Z env:
2025-12-31T23:29:24.5390452Z   PYTHON_VERSION: 3.12
2025-12-31T23:29:24.5390674Z   ARTIFACT_RETENTION_DAYS: 7
2025-12-31T23:29:24.5390898Z   COVERAGE_RETENTION_DAYS: 30
2025-12-31T23:29:24.5391169Z   UV_CACHE_DIR: /home/runner/work/_temp/setup-uv-cache
2025-12-31T23:29:24.5391452Z ##[endgroup]
2025-12-31T23:29:24.7903024Z Downloading cpython-3.12.12-linux-x86_64-gnu (download) (31.7MiB)
2025-12-31T23:29:25.5531145Z  Downloaded cpython-3.12.12-linux-x86_64-gnu (download)
2025-12-31T23:29:25.5583387Z Installed Python 3.12.12 in 1.00s
2025-12-31T23:29:25.5583958Z  + cpython-3.12.12-linux-x86_64-gnu (python3.12)
2025-12-31T23:29:25.5637104Z ##[group]Run uv sync --all-extras
2025-12-31T23:29:25.5637701Z [36;1muv sync --all-extras[0m
2025-12-31T23:29:25.5669944Z shell: /usr/bin/bash --noprofile --norc -e -o pipefail {0}
2025-12-31T23:29:25.5670283Z env:
2025-12-31T23:29:25.5670460Z   PYTHON_VERSION: 3.12
2025-12-31T23:29:25.5670679Z   ARTIFACT_RETENTION_DAYS: 7
2025-12-31T23:29:25.5670911Z   COVERAGE_RETENTION_DAYS: 30
2025-12-31T23:29:25.5671179Z   UV_CACHE_DIR: /home/runner/work/_temp/setup-uv-cache
2025-12-31T23:29:25.5671463Z ##[endgroup]
2025-12-31T23:29:25.7415953Z Using CPython 3.12.12
2025-12-31T23:29:25.7416489Z Creating virtual environment at: .venv
2025-12-31T23:29:25.7514212Z Resolved 267 packages in 0.95ms
2025-12-31T23:29:25.7688666Z    Building egregora @ file:///home/runner/work/egregora/egregora
2025-12-31T23:29:25.7884787Z Downloading scikit-learn (8.5MiB)
2025-12-31T23:29:25.7886422Z Downloading grpcio (6.3MiB)
2025-12-31T23:29:25.7887836Z Downloading virtualenv (5.7MiB)
2025-12-31T23:29:25.7889632Z Downloading hf-xet (3.2MiB)
2025-12-31T23:29:25.7891317Z Downloading pydantic-core (2.0MiB)
2025-12-31T23:29:25.7892963Z Downloading faker (1.9MiB)
2025-12-31T23:29:25.7895015Z Downloading aiohttp (1.7MiB)
2025-12-31T23:29:25.7896552Z Downloading babel (9.7MiB)
2025-12-31T23:29:25.7898713Z Downloading pygments (1.2MiB)
2025-12-31T23:29:25.7905214Z Downloading deptry (1.8MiB)
2025-12-31T23:29:25.7911816Z Downloading cryptography (4.3MiB)
2025-12-31T23:29:25.8034702Z Downloading ruff (13.6MiB)
2025-12-31T23:29:25.8044704Z Downloading google-api-python-client (14.0MiB)
2025-12-31T23:29:25.8047781Z Downloading openai (1.0MiB)
2025-12-31T23:29:25.8054929Z Downloading scipy (34.0MiB)
2025-12-31T23:29:25.8058659Z Downloading mkdocs-material (8.9MiB)
2025-12-31T23:29:25.8062593Z Downloading lancedb (43.8MiB)
2025-12-31T23:29:25.8066575Z Downloading duckdb (19.5MiB)
2025-12-31T23:29:25.8072106Z Downloading lupa (2.0MiB)
2025-12-31T23:29:25.8073720Z Downloading mkdocs (3.7MiB)
2025-12-31T23:29:25.8077612Z Downloading fastavro (3.3MiB)
2025-12-31T23:29:25.8082198Z Downloading pillow (6.3MiB)
2025-12-31T23:29:25.8085846Z Downloading ibis-framework (1.8MiB)
2025-12-31T23:29:25.8090662Z Downloading botocore (13.9MiB)
2025-12-31T23:29:25.8095754Z Downloading beartype (1.3MiB)
2025-12-31T23:29:25.8100723Z Downloading tokenizers (3.1MiB)
2025-12-31T23:29:25.8105292Z Downloading pyarrow (45.5MiB)
2025-12-31T23:29:25.8109845Z Downloading google-ai-generativelanguage (1.3MiB)
2025-12-31T23:29:25.8114623Z Downloading pandas (11.8MiB)
2025-12-31T23:29:25.8120534Z Downloading temporalio (11.6MiB)
2025-12-31T23:29:25.8125413Z Downloading selectolax (2.2MiB)
2025-12-31T23:29:25.8146037Z Downloading lxml (5.0MiB)
2025-12-31T23:29:25.8151131Z Downloading numpy (15.6MiB)
2025-12-31T23:29:25.8155202Z Downloading tiktoken (1.1MiB)
2025-12-31T23:29:26.5068996Z  Downloaded tiktoken
2025-12-31T23:29:26.5823657Z  Downloaded pygments
2025-12-31T23:29:26.6350660Z  Downloaded google-ai-generativelanguage
2025-12-31T23:29:26.7156503Z  Downloaded beartype
2025-12-31T23:29:26.8453796Z  Downloaded aiohttp
2025-12-31T23:29:26.8642836Z  Downloaded deptry
2025-12-31T23:29:27.0374559Z  Downloaded pydantic-core
2025-12-31T23:29:27.0611434Z  Downloaded lupa
2025-12-31T23:29:27.2059205Z  Downloaded selectolax
2025-12-31T23:29:27.5288828Z  Downloaded tokenizers
2025-12-31T23:29:27.5877511Z  Downloaded hf-xet
2025-12-31T23:29:27.6306724Z  Downloaded fastavro
2025-12-31T23:29:27.7465760Z  Downloaded mkdocs
2025-12-31T23:29:27.7662813Z  Downloaded openai
2025-12-31T23:29:27.7983531Z  Downloaded faker
2025-12-31T23:29:27.9361769Z  Downloaded cryptography
2025-12-31T23:29:28.0368787Z       Built egregora @ file:///home/runner/work/egregora/egregora
2025-12-31T23:29:28.1017317Z  Downloaded virtualenv
2025-12-31T23:29:28.1958607Z  Downloaded pillow
2025-12-31T23:29:28.1976942Z  Downloaded grpcio
2025-12-31T23:29:28.3081091Z  Downloaded lxml
2025-12-31T23:29:28.5291267Z  Downloaded scikit-learn
2025-12-31T23:29:28.6883444Z  Downloaded babel
2025-12-31T23:29:29.0410727Z  Downloaded ibis-framework
2025-12-31T23:29:29.0806829Z  Downloaded temporalio
2025-12-31T23:29:29.0814300Z  Downloaded ruff
2025-12-31T23:29:29.1473034Z  Downloaded google-api-python-client
2025-12-31T23:29:29.2472399Z  Downloaded numpy
2025-12-31T23:29:29.2963121Z  Downloaded botocore
2025-12-31T23:29:29.4179012Z  Downloaded duckdb
2025-12-31T23:29:30.0067461Z  Downloaded lancedb
2025-12-31T23:29:30.0090757Z  Downloaded pandas
2025-12-31T23:29:30.0593041Z  Downloaded scipy
2025-12-31T23:29:30.1579185Z  Downloaded pyarrow
2025-12-31T23:29:31.3977833Z  Downloaded mkdocs-material
2025-12-31T23:29:31.3980785Z Prepared 261 packages in 5.64s
2025-12-31T23:29:32.1884755Z Installed 261 packages in 790ms
2025-12-31T23:29:32.1887390Z  + ag-ui-protocol==0.1.10
2025-12-31T23:29:32.1888138Z  + aiohappyeyeballs==2.6.1
2025-12-31T23:29:32.1888574Z  + aiohttp==3.13.2
2025-12-31T23:29:32.1890058Z  + aiosignal==1.4.0
2025-12-31T23:29:32.1890437Z  + annotated-types==0.7.0
2025-12-31T23:29:32.1890792Z  + anthropic==0.75.0
2025-12-31T23:29:32.1891107Z  + anyio==4.12.0
2025-12-31T23:29:32.1891435Z  + argcomplete==3.6.3
2025-12-31T23:29:32.1891771Z  + atpublic==7.0.0
2025-12-31T23:29:32.1892075Z  + attrs==25.4.0
2025-12-31T23:29:32.1893431Z  + authlib==1.6.6
2025-12-31T23:29:32.1897084Z  + babel==2.17.0
2025-12-31T23:29:32.1897386Z  + backrefs==6.1
2025-12-31T23:29:32.1897672Z  + bandit==1.9.2
2025-12-31T23:29:32.1897951Z  + beartype==0.22.9
2025-12-31T23:29:32.1898408Z  + boto3==1.42.17
2025-12-31T23:29:32.1898705Z  + botocore==1.42.17
2025-12-31T23:29:32.1899020Z  + cachecontrol==0.14.4
2025-12-31T23:29:32.1899343Z  + cachetools==6.2.4
2025-12-31T23:29:32.1899647Z  + cairocffi==1.7.1
2025-12-31T23:29:32.1899945Z  + cairosvg==2.8.2
2025-12-31T23:29:32.1900244Z  + certifi==2025.11.12
2025-12-31T23:29:32.1900541Z  + cffi==2.0.0
2025-12-31T23:29:32.1901094Z  + cfgv==3.5.0
2025-12-31T23:29:32.1901397Z  + charset-normalizer==3.4.4
2025-12-31T23:29:32.1901747Z  + click==8.3.1
2025-12-31T23:29:32.1902032Z  + cloudpickle==3.1.2
2025-12-31T23:29:32.1902347Z  + codespell==2.4.1
2025-12-31T23:29:32.1902647Z  + cohere==5.20.1
2025-12-31T23:29:32.1902934Z  + colorama==0.4.6
2025-12-31T23:29:32.1903217Z  + coverage==7.13.1
2025-12-31T23:29:32.1903659Z  + cryptography==46.0.3
2025-12-31T23:29:32.1904052Z  + csscompressor==0.9.5
2025-12-31T23:29:32.1904422Z  + cssselect2==0.8.0
2025-12-31T23:29:32.1907237Z  + cyclopts==4.4.3
2025-12-31T23:29:32.1907557Z  + defusedxml==0.7.1
2025-12-31T23:29:32.1907871Z  + deprecation==2.1.0
2025-12-31T23:29:32.1908343Z  + deptry==0.24.0
2025-12-31T23:29:32.1908637Z  + diskcache==5.6.3
2025-12-31T23:29:32.1908928Z  + distlib==0.4.0
2025-12-31T23:29:32.1909213Z  + distro==1.9.0
2025-12-31T23:29:32.1909504Z  + dnspython==2.8.0
2025-12-31T23:29:32.1909822Z  + docstring-parser==0.17.0
2025-12-31T23:29:32.1910170Z  + docutils==0.22.4
2025-12-31T23:29:32.1910470Z  + duckdb==1.4.3
2025-12-31T23:29:32.1910908Z  + egregora==2.0.0 (from file:///home/runner/work/egregora/egregora)
2025-12-31T23:29:32.1924857Z  + email-validator==2.3.0
2025-12-31T23:29:32.1925218Z  + eval-type-backport==0.3.1
2025-12-31T23:29:32.1925597Z  + exceptiongroup==1.3.1
2025-12-31T23:29:32.1925927Z  + execnet==2.1.2
2025-12-31T23:29:32.1926222Z  + executing==2.2.1
2025-12-31T23:29:32.1926511Z  + faker==39.0.0
2025-12-31T23:29:32.1926808Z  + fakeredis==2.33.0
2025-12-31T23:29:32.1927112Z  + fastavro==1.12.1
2025-12-31T23:29:32.1927395Z  + fastmcp==2.14.1
2025-12-31T23:29:32.1927690Z  + filelock==3.20.1
2025-12-31T23:29:32.1928102Z  + freezegun==1.5.5
2025-12-31T23:29:32.1928405Z  + frozenlist==1.8.0
2025-12-31T23:29:32.1928699Z  + fsspec==2025.12.0
2025-12-31T23:29:32.1929006Z  + genai-prices==0.0.49
2025-12-31T23:29:32.1929327Z  + ghp-import==2.1.0
2025-12-31T23:29:32.1929636Z  + gitdb==4.0.12
2025-12-31T23:29:32.1929926Z  + gitpython==3.1.45
2025-12-31T23:29:32.1930280Z  + google-ai-generativelanguage==0.6.15
2025-12-31T23:29:32.1930774Z  + google-api-core==2.28.1
2025-12-31T23:29:32.1931193Z  + google-api-python-client==2.187.0
2025-12-31T23:29:32.1931603Z  + google-auth==2.45.0
2025-12-31T23:29:32.1931959Z  + google-auth-httplib2==0.3.0
2025-12-31T23:29:32.1932545Z  + google-genai==1.56.0
2025-12-31T23:29:32.1932887Z  + google-generativeai==0.8.6
2025-12-31T23:29:32.1933281Z  + googleapis-common-protos==1.72.0
2025-12-31T23:29:32.1933666Z  + griffe==1.15.0
2025-12-31T23:29:32.1933946Z  + groq==1.0.0
2025-12-31T23:29:32.1934225Z  + grpcio==1.76.0
2025-12-31T23:29:32.1934526Z  + grpcio-status==1.71.2
2025-12-31T23:29:32.1934843Z  + h11==0.16.0
2025-12-31T23:29:32.1935111Z  + hf-xet==1.2.0
2025-12-31T23:29:32.1935392Z  + hjson==3.1.0
2025-12-31T23:29:32.1935675Z  + htmlmin2==0.1.13
2025-12-31T23:29:32.1936052Z  + httpcore==1.0.9
2025-12-31T23:29:32.1936342Z  + httplib2==0.31.0
2025-12-31T23:29:32.1936629Z  + httpx==0.28.1
2025-12-31T23:29:32.1936917Z  + httpx-sse==0.4.3
2025-12-31T23:29:32.1937235Z  + huggingface-hub==0.36.0
2025-12-31T23:29:32.1937574Z  + hypothesis==6.148.8
2025-12-31T23:29:32.1937896Z  + ibis-framework==11.0.0
2025-12-31T23:29:32.1938377Z  + identify==2.6.15
2025-12-31T23:29:32.1938667Z  + idna==3.11
2025-12-31T23:29:32.1938969Z  + importlib-metadata==8.7.1
2025-12-31T23:29:32.1939321Z  + iniconfig==2.3.0
2025-12-31T23:29:32.1939615Z  + invoke==2.2.1
2025-12-31T23:29:32.1939916Z  + jaraco-classes==3.4.0
2025-12-31T23:29:32.1940245Z  + jaraco-context==6.0.2
2025-12-31T23:29:32.1940583Z  + jaraco-functools==4.4.0
2025-12-31T23:29:32.1940915Z  + jeepney==0.9.0
2025-12-31T23:29:32.1941211Z  + jinja2==3.1.6
2025-12-31T23:29:32.1941485Z  + jiter==0.12.0
2025-12-31T23:29:32.1941771Z  + jmespath==1.0.1
2025-12-31T23:29:32.1942062Z  + joblib==1.5.3
2025-12-31T23:29:32.1942338Z  + jsmin==3.0.1
2025-12-31T23:29:32.1942630Z  + jsonschema==4.25.1
2025-12-31T23:29:32.1942954Z  + jsonschema-path==0.3.4
2025-12-31T23:29:32.1943327Z  + jsonschema-specifications==2025.9.1
2025-12-31T23:29:32.1943882Z  + keyring==25.7.0
2025-12-31T23:29:32.1944191Z  + lance-namespace==0.4.0
2025-12-31T23:29:32.1944568Z  + lance-namespace-urllib3-client==0.4.0
2025-12-31T23:29:32.1944982Z  + lancedb==0.26.0
2025-12-31T23:29:32.1945262Z  + logfire==4.16.0
2025-12-31T23:29:32.1945564Z  + logfire-api==4.16.0
2025-12-31T23:29:32.1945871Z  + lupa==2.6
2025-12-31T23:29:32.1946139Z  + lxml==6.0.2
2025-12-31T23:29:32.1946406Z  + mando==0.7.1
2025-12-31T23:29:32.1946689Z  + markdown==3.10
2025-12-31T23:29:32.1946993Z  + markdown-it-py==4.0.0
2025-12-31T23:29:32.1947327Z  + markupsafe==3.0.3
2025-12-31T23:29:32.1947619Z  + mcp==1.25.0
2025-12-31T23:29:32.1947895Z  + mdurl==0.1.2
2025-12-31T23:29:32.1948334Z  + mergedeep==1.3.4
2025-12-31T23:29:32.1948635Z  + mistralai==1.9.11
2025-12-31T23:29:32.1948924Z  + mkdocs==1.6.1
2025-12-31T23:29:32.1949224Z  + mkdocs-autorefs==1.4.3
2025-12-31T23:29:32.1949586Z  + mkdocs-blogging-plugin==2.2.11
2025-12-31T23:29:32.1949976Z  + mkdocs-get-deps==0.2.0
2025-12-31T23:29:32.1950407Z  + mkdocs-git-revision-date-localized-plugin==1.5.0
2025-12-31T23:29:32.1950901Z  + mkdocs-glightbox==0.5.2
2025-12-31T23:29:32.1951266Z  + mkdocs-macros-plugin==1.5.0
2025-12-31T23:29:32.1951641Z  + mkdocs-material==9.7.1
2025-12-31T23:29:32.1952053Z  + mkdocs-material-extensions==1.3.1
2025-12-31T23:29:32.1952469Z  + mkdocs-minify-plugin==0.8.0
2025-12-31T23:29:32.1952843Z  + mkdocs-rss-plugin==1.17.7
2025-12-31T23:29:32.1953205Z  + mkdocs-static-i18n==1.3.0
2025-12-31T23:29:32.1953578Z  + mkdocstrings==1.0.0
2025-12-31T23:29:32.1953921Z  + mkdocstrings-python==2.0.1
2025-12-31T23:29:32.1954292Z  + more-itertools==10.8.0
2025-12-31T23:29:32.1954619Z  + msgpack==1.1.2
2025-12-31T23:29:32.1954935Z  + multidict==6.7.0
2025-12-31T23:29:32.1955225Z  + nexus-rpc==1.2.0
2025-12-31T23:29:32.1955520Z  + nodeenv==1.10.0
2025-12-31T23:29:32.1955811Z  + numpy==2.4.0
2025-12-31T23:29:32.1956088Z  + openai==2.14.0
2025-12-31T23:29:32.1956396Z  + openapi-pydantic==0.5.1
2025-12-31T23:29:32.1956762Z  + opentelemetry-api==1.39.1
2025-12-31T23:29:32.1957213Z  + opentelemetry-exporter-otlp-proto-common==1.39.1
2025-12-31T23:29:32.1957775Z  + opentelemetry-exporter-otlp-proto-http==1.39.1
2025-12-31T23:29:32.1958443Z  + opentelemetry-exporter-prometheus==0.60b1
2025-12-31T23:29:32.1959086Z  + opentelemetry-instrumentation==0.60b1
2025-12-31T23:29:32.1959576Z  + opentelemetry-instrumentation-httpx==0.60b1
2025-12-31T23:29:32.1960044Z  + opentelemetry-proto==1.39.1
2025-12-31T23:29:32.1960420Z  + opentelemetry-sdk==1.39.1
2025-12-31T23:29:32.1960837Z  + opentelemetry-semantic-conventions==0.60b1
2025-12-31T23:29:32.1961302Z  + opentelemetry-util-http==0.60b1
2025-12-31T23:29:32.1961690Z  + packaging==25.0
2025-12-31T23:29:32.1961985Z  + paginate==0.5.7
2025-12-31T23:29:32.1962279Z  + pandas==2.3.3
2025-12-31T23:29:32.1962570Z  + parsy==2.2
2025-12-31T23:29:32.1962850Z  + pathable==0.4.4
2025-12-31T23:29:32.1963138Z  + pathspec==0.12.1
2025-12-31T23:29:32.1963446Z  + pathvalidate==3.3.1
2025-12-31T23:29:32.1963767Z  + pillow==11.3.0
2025-12-31T23:29:32.1964067Z  + platformdirs==4.5.1
2025-12-31T23:29:32.1964370Z  + pluggy==1.6.0
2025-12-31T23:29:32.1964663Z  + pre-commit==4.5.1
2025-12-31T23:29:32.1964988Z  + prometheus-client==0.23.1
2025-12-31T23:29:32.1965347Z  + prompt-toolkit==3.0.52
2025-12-31T23:29:32.1965689Z  + propcache==0.4.1
2025-12-31T23:29:32.1965989Z  + proto-plus==1.27.0
2025-12-31T23:29:32.1966299Z  + protobuf==5.29.5
2025-12-31T23:29:32.1966591Z  + py-cpuinfo==9.0.0
2025-12-31T23:29:32.1966913Z  + py-key-value-aio==0.3.0
2025-12-31T23:29:32.1967270Z  + py-key-value-shared==0.3.0
2025-12-31T23:29:32.1967621Z  + pyarrow==22.0.0
2025-12-31T23:29:32.1967913Z  + pyarrow-hotfix==0.7
2025-12-31T23:29:32.1968367Z  + pyasn1==0.6.1
2025-12-31T23:29:32.1968670Z  + pyasn1-modules==0.4.2
2025-12-31T23:29:32.1969003Z  + pycparser==2.23
2025-12-31T23:29:32.1969295Z  + pydantic==2.12.5
2025-12-31T23:29:32.1969596Z  + pydantic-ai==1.39.0
2025-12-31T23:29:32.1969920Z  + pydantic-ai-slim==1.39.0
2025-12-31T23:29:32.1970433Z  + pydantic-core==2.41.5
2025-12-31T23:29:32.1970770Z  + pydantic-evals==1.39.0
2025-12-31T23:29:32.1971115Z  + pydantic-graph==1.39.0
2025-12-31T23:29:32.1971463Z  + pydantic-settings==2.12.0
2025-12-31T23:29:32.1971815Z  + pydocket==0.16.3
2025-12-31T23:29:32.1972111Z  + pygments==2.19.2
2025-12-31T23:29:32.1972400Z  + pyjwt==2.10.1
2025-12-31T23:29:32.1972712Z  + pymdown-extensions==10.19.1
2025-12-31T23:29:32.1988351Z  + pyparsing==3.3.1
2025-12-31T23:29:32.1988746Z  + pyperclip==1.11.0
2025-12-31T23:29:32.1989162Z  + pytest==9.0.2
2025-12-31T23:29:32.1989474Z  + pytest-asyncio==1.3.0
2025-12-31T23:29:32.1989834Z  + pytest-benchmark==5.2.3
2025-12-31T23:29:32.1990183Z  + pytest-cov==7.0.0
2025-12-31T23:29:32.1990531Z  + pytest-mock==3.15.1
2025-12-31T23:29:32.1990865Z  + pytest-socket==0.7.0
2025-12-31T23:29:32.1991202Z  + pytest-xdist==3.8.0
2025-12-31T23:29:32.1991536Z  + python-dateutil==2.9.0.post0
2025-12-31T23:29:32.1991913Z  + python-dotenv==1.2.1
2025-12-31T23:29:32.1992258Z  + python-frontmatter==1.1.0
2025-12-31T23:29:32.1992645Z  + python-json-logger==4.0.0
2025-12-31T23:29:32.1993010Z  + python-multipart==0.0.21
2025-12-31T23:29:32.1993353Z  + pytz==2025.2
2025-12-31T23:29:32.1993644Z  + pyyaml==6.0.3
2025-12-31T23:29:32.1993952Z  + pyyaml-env-tag==1.1
2025-12-31T23:29:32.1994274Z  + radon==6.0.1
2025-12-31T23:29:32.1994566Z  + ratelimit==2.2.1
2025-12-31T23:29:32.1994865Z  + redis==7.1.0
2025-12-31T23:29:32.1995154Z  + referencing==0.36.2
2025-12-31T23:29:32.1995461Z  + regex==2025.11.3
2025-12-31T23:29:32.1995754Z  + requests==2.32.5
2025-12-31T23:29:32.1996072Z  + requirements-parser==0.13.0
2025-12-31T23:29:32.1996437Z  + respx==0.22.0
2025-12-31T23:29:32.1996717Z  + rich==14.2.0
2025-12-31T23:29:32.1997000Z  + rich-rst==1.3.2
2025-12-31T23:29:32.1997300Z  + rpds-py==0.30.0
2025-12-31T23:29:32.1997589Z  + rsa==4.9.1
2025-12-31T23:29:32.1997855Z  + ruff==0.14.10
2025-12-31T23:29:32.1998306Z  + s3transfer==0.16.0
2025-12-31T23:29:32.1998638Z  + scikit-learn==1.8.0
2025-12-31T23:29:32.1998962Z  + scipy==1.16.3
2025-12-31T23:29:32.1999261Z  + secretstorage==3.5.0
2025-12-31T23:29:32.1999590Z  + selectolax==0.4.6
2025-12-31T23:29:32.1999904Z  + shellingham==1.5.4
2025-12-31T23:29:32.2000201Z  + six==1.17.0
2025-12-31T23:29:32.2000483Z  + smmap==5.0.2
2025-12-31T23:29:32.2000986Z  + sniffio==1.3.1
2025-12-31T23:29:32.2001308Z  + sortedcontainers==2.4.0
2025-12-31T23:29:32.2001647Z  + sqlglot==28.5.0
2025-12-31T23:29:32.2001954Z  + sse-starlette==3.1.1
2025-12-31T23:29:32.2002276Z  + starlette==0.50.0
2025-12-31T23:29:32.2002583Z  + stevedore==5.6.0
2025-12-31T23:29:32.2002891Z  + super-collections==0.6.2
2025-12-31T23:29:32.2003234Z  + syrupy==5.0.0
2025-12-31T23:29:32.2003535Z  + temporalio==1.20.0
2025-12-31T23:29:32.2003850Z  + tenacity==9.1.2
2025-12-31T23:29:32.2004141Z  + termcolor==3.2.0
2025-12-31T23:29:32.2004453Z  + threadpoolctl==3.6.0
2025-12-31T23:29:32.2004776Z  + tiktoken==0.12.0
2025-12-31T23:29:32.2005072Z  + tinycss2==1.5.1
2025-12-31T23:29:32.2005360Z  + tokenizers==0.22.1
2025-12-31T23:29:32.2005677Z  + tomli-w==1.2.0
2025-12-31T23:29:32.2005973Z  + toolz==1.1.0
2025-12-31T23:29:32.2006257Z  + tqdm==4.67.1
2025-12-31T23:29:32.2006530Z  + typer==0.21.0
2025-12-31T23:29:32.2006860Z  + types-protobuf==6.32.1.20251210
2025-12-31T23:29:32.2007266Z  + types-requests==2.32.4.20250913
2025-12-31T23:29:32.2007655Z  + typing-extensions==4.15.0
2025-12-31T23:29:32.2008179Z  + typing-inspection==0.4.2
2025-12-31T23:29:32.2008524Z  + tzdata==2024.2
2025-12-31T23:29:32.2008822Z  + uritemplate==4.2.0
2025-12-31T23:29:32.2009130Z  + urllib3==2.6.2
2025-12-31T23:29:32.2009410Z  + uvicorn==0.40.0
2025-12-31T23:29:32.2009708Z  + virtualenv==20.35.4
2025-12-31T23:29:32.2010016Z  + vulture==2.14
2025-12-31T23:29:32.2010302Z  + watchdog==6.0.0
2025-12-31T23:29:32.2010580Z  + wcwidth==0.2.14
2025-12-31T23:29:32.2010873Z  + webencodings==0.5.1
2025-12-31T23:29:32.2011190Z  + websockets==15.0.1
2025-12-31T23:29:32.2011489Z  + wrapt==1.17.3
2025-12-31T23:29:32.2011763Z  + xenon==0.9.3
2025-12-31T23:29:32.2012193Z  + yarl==1.22.0
2025-12-31T23:29:32.2012466Z  + zipp==3.23.0
