2025-12-31T23:29:43.6482557Z ##[group]Run codecov/codecov-action@v5
2025-12-31T23:29:43.6482854Z with:
2025-12-31T23:29:43.6483323Z   token: ***
2025-12-31T23:29:43.6483530Z   files: ./coverage.xml
2025-12-31T23:29:43.6483732Z   flags: e2e
2025-12-31T23:29:43.6483902Z   name: e2e-tests
2025-12-31T23:29:43.6484102Z   fail_ci_if_error: false
2025-12-31T23:29:43.6484314Z   disable_file_fixes: false
2025-12-31T23:29:43.6484529Z   disable_search: false
2025-12-31T23:29:43.6484735Z   disable_safe_directory: false
2025-12-31T23:29:43.6484953Z   disable_telem: false
2025-12-31T23:29:43.6485137Z   dry_run: false
2025-12-31T23:29:43.6485317Z   git_service: github
2025-12-31T23:29:43.6485509Z   gcov_executable: gcov
2025-12-31T23:29:43.6485713Z   handle_no_reports_found: false
2025-12-31T23:29:43.6485937Z   recurse_submodules: false
2025-12-31T23:29:43.6486161Z   run_command: upload-coverage
2025-12-31T23:29:43.6486384Z   skip_validation: false
2025-12-31T23:29:43.6486601Z   use_legacy_upload_endpoint: false
2025-12-31T23:29:43.6486822Z   use_oidc: false
2025-12-31T23:29:43.6487189Z   use_pypi: false
2025-12-31T23:29:43.6487367Z   verbose: false
2025-12-31T23:29:43.6487727Z   version: latest
2025-12-31T23:29:43.6487900Z env:
2025-12-31T23:29:43.6488062Z   PYTHON_VERSION: 3.12
2025-12-31T23:29:43.6488266Z   ARTIFACT_RETENTION_DAYS: 7
2025-12-31T23:29:43.6488486Z   COVERAGE_RETENTION_DAYS: 30
2025-12-31T23:29:43.6488751Z   UV_CACHE_DIR: /home/runner/work/_temp/setup-uv-cache
2025-12-31T23:29:43.6489020Z ##[endgroup]
2025-12-31T23:29:43.6507884Z ##[group]Run missing_deps=""
2025-12-31T23:29:43.6508157Z [36;1mmissing_deps=""[0m
2025-12-31T23:29:43.6508358Z [36;1m[0m
2025-12-31T23:29:43.6508565Z [36;1m# Check for always-required commands[0m
2025-12-31T23:29:43.6508838Z [36;1mfor cmd in bash git curl; do[0m
2025-12-31T23:29:43.6509108Z [36;1m  if ! command -v "$cmd" >/dev/null 2>&1; then[0m
2025-12-31T23:29:43.6509411Z [36;1m    missing_deps="$missing_deps $cmd"[0m
2025-12-31T23:29:43.6509660Z [36;1m  fi[0m
2025-12-31T23:29:43.6509830Z [36;1mdone[0m
2025-12-31T23:29:43.6509996Z [36;1m[0m
2025-12-31T23:29:43.6510237Z [36;1m# Check for gpg only if validation is not being skipped[0m
2025-12-31T23:29:43.6510563Z [36;1mif [ "false" != "true" ]; then[0m
2025-12-31T23:29:43.6510837Z [36;1m  if ! command -v gpg >/dev/null 2>&1; then[0m
2025-12-31T23:29:43.6511126Z [36;1m    missing_deps="$missing_deps gpg"[0m
2025-12-31T23:29:43.6511371Z [36;1m  fi[0m
2025-12-31T23:29:43.6511532Z [36;1mfi[0m
2025-12-31T23:29:43.6511696Z [36;1m[0m
2025-12-31T23:29:43.6511891Z [36;1m# Report missing required dependencies[0m
2025-12-31T23:29:43.6512174Z [36;1mif [ -n "$missing_deps" ]; then[0m
2025-12-31T23:29:43.6512541Z [36;1m  echo "Error: The following required dependencies are missing:$missing_deps"[0m
2025-12-31T23:29:43.6513010Z [36;1m  echo "Please install these dependencies before using this action."[0m
2025-12-31T23:29:43.6513355Z [36;1m  exit 1[0m
2025-12-31T23:29:43.6513532Z [36;1mfi[0m
2025-12-31T23:29:43.6513691Z [36;1m[0m
2025-12-31T23:29:43.6513933Z [36;1mecho "All required system dependencies are available."[0m
2025-12-31T23:29:43.7290633Z shell: /usr/bin/sh -e {0}
2025-12-31T23:29:43.7290929Z env:
2025-12-31T23:29:43.7291154Z   PYTHON_VERSION: 3.12
2025-12-31T23:29:43.7291422Z   ARTIFACT_RETENTION_DAYS: 7
2025-12-31T23:29:43.7291723Z   COVERAGE_RETENTION_DAYS: 30
2025-12-31T23:29:43.7292042Z   UV_CACHE_DIR: /home/runner/work/_temp/setup-uv-cache
2025-12-31T23:29:43.7292391Z ##[endgroup]
2025-12-31T23:29:43.7361597Z All required system dependencies are available.
2025-12-31T23:29:43.7380478Z ##[group]Run CC_ACTION_VERSION=$(cat ${GITHUB_ACTION_PATH}/src/version)
2025-12-31T23:29:43.7380930Z [36;1mCC_ACTION_VERSION=$(cat ${GITHUB_ACTION_PATH}/src/version)[0m
2025-12-31T23:29:43.7381359Z [36;1mecho -e "\033[0;32m==>\033[0m Running Action version $CC_ACTION_VERSION"[0m
2025-12-31T23:29:43.7411191Z shell: /usr/bin/bash --noprofile --norc -e -o pipefail {0}
2025-12-31T23:29:43.7411507Z env:
2025-12-31T23:29:43.7411681Z   PYTHON_VERSION: 3.12
2025-12-31T23:29:43.7412090Z   ARTIFACT_RETENTION_DAYS: 7
2025-12-31T23:29:43.7412309Z   COVERAGE_RETENTION_DAYS: 30
2025-12-31T23:29:43.7412584Z   UV_CACHE_DIR: /home/runner/work/_temp/setup-uv-cache
2025-12-31T23:29:43.7412865Z ##[endgroup]
2025-12-31T23:29:43.7472902Z [0;32m==>[0m Running Action version 5.5.2
2025-12-31T23:29:43.7493590Z ##[group]Run git config --global --add safe.directory "/home/runner/work/egregora/egregora"
2025-12-31T23:29:43.7494173Z [36;1mgit config --global --add safe.directory "/home/runner/work/egregora/egregora"[0m
2025-12-31T23:29:43.7494642Z [36;1mgit config --global --add safe.directory "$GITHUB_WORKSPACE"[0m
2025-12-31T23:29:43.7523680Z shell: /usr/bin/bash --noprofile --norc -e -o pipefail {0}
2025-12-31T23:29:43.7523986Z env:
2025-12-31T23:29:43.7524159Z   PYTHON_VERSION: 3.12
2025-12-31T23:29:43.7524373Z   ARTIFACT_RETENTION_DAYS: 7
2025-12-31T23:29:43.7524596Z   COVERAGE_RETENTION_DAYS: 30
2025-12-31T23:29:43.7524851Z   UV_CACHE_DIR: /home/runner/work/_temp/setup-uv-cache
2025-12-31T23:29:43.7525143Z ##[endgroup]
2025-12-31T23:29:43.7635238Z ##[group]Run CC_FORK="false"
2025-12-31T23:29:43.7635644Z [36;1mCC_FORK="false"[0m
2025-12-31T23:29:43.7636130Z [36;1mif [ -n "$GITHUB_EVENT_PULL_REQUEST_HEAD_REPO_FULL_NAME" ] && [ "$GITHUB_EVENT_PULL_REQUEST_HEAD_REPO_FULL_NAME" != "$GITHUB_REPOSITORY" ];[0m
2025-12-31T23:29:43.7636639Z [36;1mthen[0m
2025-12-31T23:29:43.7636856Z [36;1m  echo -e "\033[0;32m==>\033[0m Fork detected"[0m
2025-12-31T23:29:43.7637392Z [36;1m  CC_FORK="true"[0m
2025-12-31T23:29:43.7637600Z [36;1mfi[0m
2025-12-31T23:29:43.7637801Z [36;1mecho "CC_FORK=$CC_FORK" >> "$GITHUB_ENV"[0m
2025-12-31T23:29:43.7666709Z shell: /usr/bin/bash --noprofile --norc -e -o pipefail {0}
2025-12-31T23:29:43.7667204Z env:
2025-12-31T23:29:43.7667384Z   PYTHON_VERSION: 3.12
2025-12-31T23:29:43.7667594Z   ARTIFACT_RETENTION_DAYS: 7
2025-12-31T23:29:43.7667809Z   COVERAGE_RETENTION_DAYS: 30
2025-12-31T23:29:43.7668072Z   UV_CACHE_DIR: /home/runner/work/_temp/setup-uv-cache
2025-12-31T23:29:43.7668566Z   GITHUB_EVENT_PULL_REQUEST_HEAD_LABEL: franklinbaldo:fix-gemini-merge-gate-checkout-6442076149617588430
2025-12-31T23:29:43.7669114Z   GITHUB_EVENT_PULL_REQUEST_HEAD_REPO_FULL_NAME: franklinbaldo/egregora
2025-12-31T23:29:43.7669472Z   GITHUB_REPOSITORY: franklinbaldo/egregora
2025-12-31T23:29:43.7669716Z ##[endgroup]
2025-12-31T23:29:43.7769345Z ##[group]Run actions/github-script@60a0d83039c74a4aee543508d2ffcb1c3799cdea
2025-12-31T23:29:43.7769693Z with:
2025-12-31T23:29:43.7770193Z   script: if (process.env.CC_USE_OIDC === 'true' && process.env.CC_FORK != 'true') {
  const id_token = await core.getIDToken(process.env.CC_OIDC_AUDIENCE)
  return id_token
}

2025-12-31T23:29:43.7770900Z   github-token: ***
2025-12-31T23:29:43.7771093Z   debug: false
2025-12-31T23:29:43.7771287Z   user-agent: actions/github-script
2025-12-31T23:29:43.7771531Z   result-encoding: json
2025-12-31T23:29:43.7771718Z   retries: 0
2025-12-31T23:29:43.7771929Z   retry-exempt-status-codes: 400,401,403,404,422
2025-12-31T23:29:43.7772238Z env:
2025-12-31T23:29:43.7772403Z   PYTHON_VERSION: 3.12
2025-12-31T23:29:43.7772608Z   ARTIFACT_RETENTION_DAYS: 7
2025-12-31T23:29:43.7772825Z   COVERAGE_RETENTION_DAYS: 30
2025-12-31T23:29:43.7773082Z   UV_CACHE_DIR: /home/runner/work/_temp/setup-uv-cache
2025-12-31T23:29:43.7773353Z   CC_FORK: false
2025-12-31T23:29:43.7773548Z   CC_OIDC_AUDIENCE: https://codecov.io
2025-12-31T23:29:43.7773791Z   CC_USE_OIDC: false
2025-12-31T23:29:43.7773975Z ##[endgroup]
2025-12-31T23:29:43.8699461Z ##[group]Run if [ "false" == 'true' ] && [ "$CC_FORK" != 'true' ];
2025-12-31T23:29:43.8700108Z [36;1mif [ "false" == 'true' ] && [ "$CC_FORK" != 'true' ];[0m
2025-12-31T23:29:43.8700574Z [36;1mthen[0m
2025-12-31T23:29:43.8700920Z [36;1m  echo "CC_TOKEN=$CC_OIDC_TOKEN" >> "$GITHUB_ENV"[0m
2025-12-31T23:29:43.8701360Z [36;1melif [ -n "" ];[0m
2025-12-31T23:29:43.8701690Z [36;1mthen[0m
2025-12-31T23:29:43.8701941Z [36;1m  echo -e "\033[0;32m==>\033[0m Token set from env"[0m
2025-12-31T23:29:43.8702448Z [36;1m    echo "CC_TOKEN=" >> "$GITHUB_ENV"[0m
2025-12-31T23:29:43.8702728Z [36;1melse[0m
2025-12-31T23:29:43.8703040Z [36;1m  if [ -n "***" ];[0m
2025-12-31T23:29:43.8703268Z [36;1m  then[0m
2025-12-31T23:29:43.8703518Z [36;1m    echo -e "\033[0;32m==>\033[0m Token set from input"[0m
2025-12-31T23:29:43.8703922Z [36;1m    CC_TOKEN=$(echo "***" | tr -d '\n')[0m
2025-12-31T23:29:43.8704223Z [36;1m    echo "CC_TOKEN=$CC_TOKEN" >> "$GITHUB_ENV"[0m
2025-12-31T23:29:43.8704493Z [36;1m  fi[0m
2025-12-31T23:29:43.8704676Z [36;1mfi[0m
2025-12-31T23:29:43.8736688Z shell: /usr/bin/bash --noprofile --norc -e -o pipefail {0}
2025-12-31T23:29:43.8737266Z env:
2025-12-31T23:29:43.8737463Z   PYTHON_VERSION: 3.12
2025-12-31T23:29:43.8737694Z   ARTIFACT_RETENTION_DAYS: 7
2025-12-31T23:29:43.8737940Z   COVERAGE_RETENTION_DAYS: 30
2025-12-31T23:29:43.8738222Z   UV_CACHE_DIR: /home/runner/work/_temp/setup-uv-cache
2025-12-31T23:29:43.8738523Z   CC_FORK: false
2025-12-31T23:29:43.8738728Z   CC_OIDC_TOKEN:
2025-12-31T23:29:43.8738953Z   CC_OIDC_AUDIENCE: https://codecov.io
2025-12-31T23:29:43.8739393Z ##[endgroup]
2025-12-31T23:29:43.8790812Z [0;32m==>[0m Token set from input
2025-12-31T23:29:43.8827370Z ##[group]Run if [ -z "$CC_BRANCH" ] && [ -z "$CC_TOKEN" ] && [ "$CC_FORK" == 'true' ]
2025-12-31T23:29:43.8827835Z [36;1mif [ -z "$CC_BRANCH" ] && [ -z "$CC_TOKEN" ] && [ "$CC_FORK" == 'true' ][0m
2025-12-31T23:29:43.8828149Z [36;1mthen[0m
2025-12-31T23:29:43.8828506Z [36;1m  echo -e "\033[0;32m==>\033[0m Fork detected, setting branch to $GITHUB_EVENT_PULL_REQUEST_HEAD_LABEL"[0m
2025-12-31T23:29:43.8828967Z [36;1m  TOKENLESS="$GITHUB_EVENT_PULL_REQUEST_HEAD_LABEL"[0m
2025-12-31T23:29:43.8829303Z [36;1m  CC_BRANCH="$GITHUB_EVENT_PULL_REQUEST_HEAD_LABEL"[0m
2025-12-31T23:29:43.8829627Z [36;1m  echo "TOKENLESS=$TOKENLESS" >> "$GITHUB_ENV"[0m
2025-12-31T23:29:43.8829890Z [36;1mfi[0m
2025-12-31T23:29:43.8830060Z [36;1m[0m
2025-12-31T23:29:43.8830265Z [36;1mecho "CC_BRANCH=$CC_BRANCH" >> "$GITHUB_ENV"[0m
2025-12-31T23:29:43.8859078Z shell: /usr/bin/bash --noprofile --norc -e -o pipefail {0}
2025-12-31T23:29:43.8859404Z env:
2025-12-31T23:29:43.8859574Z   PYTHON_VERSION: 3.12
2025-12-31T23:29:43.8859787Z   ARTIFACT_RETENTION_DAYS: 7
2025-12-31T23:29:43.8860009Z   COVERAGE_RETENTION_DAYS: 30
2025-12-31T23:29:43.8860270Z   UV_CACHE_DIR: /home/runner/work/_temp/setup-uv-cache
2025-12-31T23:29:43.8860537Z   CC_FORK: false
2025-12-31T23:29:43.8860786Z   CC_TOKEN: ***
2025-12-31T23:29:43.8860968Z   CC_BRANCH:
2025-12-31T23:29:43.8861359Z   GITHUB_EVENT_PULL_REQUEST_HEAD_LABEL: franklinbaldo:fix-gemini-merge-gate-checkout-6442076149617588430
2025-12-31T23:29:43.8861903Z   GITHUB_EVENT_PULL_REQUEST_HEAD_REPO_FULL_NAME: franklinbaldo/egregora
2025-12-31T23:29:43.8862248Z   GITHUB_REPOSITORY: franklinbaldo/egregora
2025-12-31T23:29:43.8862497Z ##[endgroup]
2025-12-31T23:29:43.8931444Z ##[group]Run if [ -z "$CC_SHA" ];
2025-12-31T23:29:43.8931717Z [36;1mif [ -z "$CC_SHA" ];[0m
2025-12-31T23:29:43.8931942Z [36;1mthen[0m
2025-12-31T23:29:43.8932171Z [36;1m  CC_SHA="$GITHUB_EVENT_PULL_REQUEST_HEAD_SHA"[0m
2025-12-31T23:29:43.8932439Z [36;1mfi[0m
2025-12-31T23:29:43.8932655Z [36;1mif [ -z "$CC_PR" ] && [ "$CC_FORK" == 'true' ];[0m
2025-12-31T23:29:43.8932917Z [36;1mthen[0m
2025-12-31T23:29:43.8933112Z [36;1m  CC_PR="$GITHUB_EVENT_NUMBER"[0m
2025-12-31T23:29:43.8933335Z [36;1mfi[0m
2025-12-31T23:29:43.8933495Z [36;1m[0m
2025-12-31T23:29:43.8933682Z [36;1mecho "CC_SHA=$CC_SHA" >> "$GITHUB_ENV"[0m
2025-12-31T23:29:43.8933955Z [36;1mecho "CC_PR=$CC_PR" >> "$GITHUB_ENV"[0m
2025-12-31T23:29:43.8963157Z shell: /usr/bin/bash --noprofile --norc -e -o pipefail {0}
2025-12-31T23:29:43.8963476Z env:
2025-12-31T23:29:43.8963653Z   PYTHON_VERSION: 3.12
2025-12-31T23:29:43.8963862Z   ARTIFACT_RETENTION_DAYS: 7
2025-12-31T23:29:43.8964085Z   COVERAGE_RETENTION_DAYS: 30
2025-12-31T23:29:43.8964345Z   UV_CACHE_DIR: /home/runner/work/_temp/setup-uv-cache
2025-12-31T23:29:43.8964618Z   CC_FORK: false
2025-12-31T23:29:43.8965023Z   CC_TOKEN: ***
2025-12-31T23:29:43.8965199Z   CC_BRANCH:
2025-12-31T23:29:43.8965375Z   CC_PR:
2025-12-31T23:29:43.8965572Z   CC_SHA:
2025-12-31T23:29:43.8965747Z   GITHUB_EVENT_NAME: pull_request
2025-12-31T23:29:43.8965977Z   GITHUB_EVENT_NUMBER: 2028
2025-12-31T23:29:43.8966297Z   GITHUB_EVENT_PULL_REQUEST_HEAD_SHA: 5107e2e853d348432dc245dd795d839c51f95a60
2025-12-31T23:29:43.8966641Z ##[endgroup]
2025-12-31T23:29:43.9039094Z ##[group]Run ${GITHUB_ACTION_PATH}/dist/codecov.sh
2025-12-31T23:29:43.9039449Z [36;1m${GITHUB_ACTION_PATH}/dist/codecov.sh[0m
2025-12-31T23:29:43.9068206Z shell: /usr/bin/bash --noprofile --norc -e -o pipefail {0}
2025-12-31T23:29:43.9068547Z env:
2025-12-31T23:29:43.9068744Z   PYTHON_VERSION: 3.12
2025-12-31T23:29:43.9068985Z   ARTIFACT_RETENTION_DAYS: 7
2025-12-31T23:29:43.9069230Z   COVERAGE_RETENTION_DAYS: 30
2025-12-31T23:29:43.9069515Z   UV_CACHE_DIR: /home/runner/work/_temp/setup-uv-cache
2025-12-31T23:29:43.9069813Z   CC_FORK: false
2025-12-31T23:29:43.9070096Z   CC_TOKEN: ***
2025-12-31T23:29:43.9070295Z   CC_BRANCH:
2025-12-31T23:29:43.9070684Z   CC_SHA: 5107e2e853d348432dc245dd795d839c51f95a60
2025-12-31T23:29:43.9070958Z   CC_PR:
2025-12-31T23:29:43.9071132Z   CC_BASE_SHA:
2025-12-31T23:29:43.9071322Z   CC_BINARY:
2025-12-31T23:29:43.9071510Z   CC_BUILD:
2025-12-31T23:29:43.9071695Z   CC_BUILD_URL:
2025-12-31T23:29:43.9071877Z   CC_CODE:
2025-12-31T23:29:43.9072051Z   CC_DIR:
2025-12-31T23:29:43.9072251Z   CC_DISABLE_FILE_FIXES: false
2025-12-31T23:29:43.9072496Z   CC_DISABLE_SEARCH: false
2025-12-31T23:29:43.9072729Z   CC_DISABLE_TELEM: false
2025-12-31T23:29:43.9072943Z   CC_DRY_RUN: false
2025-12-31T23:29:43.9073151Z   CC_ENTERPRISE_URL:
2025-12-31T23:29:43.9073353Z   CC_ENV:
2025-12-31T23:29:43.9073530Z   CC_EXCLUDES:
2025-12-31T23:29:43.9073721Z   CC_FAIL_ON_ERROR: false
2025-12-31T23:29:43.9073945Z   CC_FILES: ./coverage.xml
2025-12-31T23:29:43.9074157Z   CC_FLAGS: e2e
2025-12-31T23:29:43.9074339Z   CC_FORCE:
2025-12-31T23:29:43.9074515Z   CC_GCOV_ARGS:
2025-12-31T23:29:43.9074712Z   CC_GCOV_EXECUTABLE: gcov
2025-12-31T23:29:43.9074933Z   CC_GCOV_IGNORE:
2025-12-31T23:29:43.9075127Z   CC_GCOV_INCLUDE:
2025-12-31T23:29:43.9075322Z   CC_GIT_SERVICE: github
2025-12-31T23:29:43.9075552Z   CC_HANDLE_NO_REPORTS_FOUND: false
2025-12-31T23:29:43.9075795Z   CC_JOB_CODE:
2025-12-31T23:29:43.9075981Z   CC_LEGACY: false
2025-12-31T23:29:43.9076168Z   CC_NAME: e2e-tests
2025-12-31T23:29:43.9076367Z   CC_NETWORK_FILTER:
2025-12-31T23:29:43.9076576Z   CC_NETWORK_PREFIX:
2025-12-31T23:29:43.9076780Z   CC_NETWORK_ROOT_FOLDER:
2025-12-31T23:29:43.9077205Z   CC_OS:
2025-12-31T23:29:43.9077394Z   CC_PARENT_SHA:
2025-12-31T23:29:43.9077586Z   CC_PLUGINS:
2025-12-31T23:29:43.9077781Z   CC_RECURSE_SUBMODULES: false
2025-12-31T23:29:43.9078005Z   CC_REPORT_TYPE:
2025-12-31T23:29:43.9078209Z   CC_RUN_CMD: upload-coverage
2025-12-31T23:29:43.9078439Z   CC_SERVICE: github
2025-12-31T23:29:43.9078646Z   CC_SKIP_VALIDATION: false
2025-12-31T23:29:43.9078863Z   CC_SLUG:
2025-12-31T23:29:43.9079057Z   CC_SWIFT_PROJECT:
2025-12-31T23:29:43.9079262Z   CC_USE_PYPI: false
2025-12-31T23:29:43.9079455Z   CC_VERBOSE: false
2025-12-31T23:29:43.9079644Z   CC_VERSION: latest
2025-12-31T23:29:43.9079837Z   CC_YML_PATH:
2025-12-31T23:29:43.9080025Z ##[endgroup]
2025-12-31T23:29:43.9149223Z      _____          _
2025-12-31T23:29:43.9149585Z     / ____|        | |
2025-12-31T23:29:43.9149823Z    | |     ___   __| | ___  ___ _____   __
2025-12-31T23:29:43.9150101Z    | |    / _ \ / _` |/ _ \/ __/ _ \ \ / /
2025-12-31T23:29:43.9150366Z    | |___| (_) | (_| |  __/ (_| (_) \ V /
2025-12-31T23:29:43.9150626Z     \_____\___/ \__,_|\___|\___\___/ \_/
2025-12-31T23:29:43.9151076Z                            [0;31m Wrapper-0.2.7[0m
2025-12-31T23:29:43.9151345Z
2025-12-31T23:29:43.9203337Z [0;32m==>[0m Detected [0;36mlinux[0m
2025-12-31T23:29:43.9204146Z [0;32m ->[0m Downloading [0;36mhttps://cli.codecov.io/latest/linux/codecov[0m
2025-12-31T23:29:43.9253861Z   % Total    % Received % Xferd  Average Speed   Time    Time     Time  Current
2025-12-31T23:29:43.9254584Z                                  Dload  Upload   Total   Spent    Left  Speed
2025-12-31T23:29:43.9254937Z
2025-12-31T23:29:43.9578441Z   0     0    0     0    0     0      0      0 --:--:-- --:--:-- --:--:--     0
2025-12-31T23:29:44.3117901Z   0     0    0     0    0     0      0      0 --:--:-- --:--:-- --:--:--     0
2025-12-31T23:29:44.3118583Z 100 10.6M  100 10.6M    0     0  27.5M      0 --:--:-- --:--:-- --:--:-- 27.5M
2025-12-31T23:29:44.3142351Z [0;32m==>[0m Finishing downloading [0;36mlinux:latest[0m
2025-12-31T23:29:44.3812053Z       Version: [0;36mv11.2.6[0m
2025-12-31T23:29:44.3812525Z
2025-12-31T23:29:44.4247974Z gpg: directory '/home/runner/.gnupg' created
2025-12-31T23:29:44.4285047Z gpg: keybox '/home/runner/.gnupg/pubring.kbx' created
2025-12-31T23:29:44.7392301Z gpg: /home/runner/.gnupg/trustdb.gpg: trustdb created
2025-12-31T23:29:44.7393032Z gpg: key 806BB28AED779869: public key "Codecov Uploader (Codecov Uploader Verification Key) <security@codecov.io>" imported
2025-12-31T23:29:44.7706577Z gpg: Total number processed: 1
2025-12-31T23:29:44.7707235Z gpg:               imported: 1
2025-12-31T23:29:44.7712483Z [0;32m==>[0m Verifying GPG signature integrity
2025-12-31T23:29:44.7713400Z [0;32m ->[0m Downloading [0;36mhttps://cli.codecov.io/latest/linux/codecov.SHA256SUM[0m
2025-12-31T23:29:44.7714466Z [0;32m ->[0m Downloading [0;36mhttps://cli.codecov.io/latest/linux/codecov.SHA256SUM.sig[0m
2025-12-31T23:29:44.7715125Z
2025-12-31T23:29:44.9062422Z gpg: Signature made Fri Dec  5 15:31:48 2025 UTC
2025-12-31T23:29:44.9063088Z gpg:                using RSA key 27034E7FDB850E0BBC2C62FF806BB28AED779869
2025-12-31T23:29:44.9065710Z gpg: Good signature from "Codecov Uploader (Codecov Uploader Verification Key) <security@codecov.io>" [unknown]
2025-12-31T23:29:44.9066721Z gpg: WARNING: This key is not certified with a trusted signature!
2025-12-31T23:29:44.9067634Z gpg:          There is no indication that the signature belongs to the owner.
2025-12-31T23:29:44.9068406Z Primary key fingerprint: 2703 4E7F DB85 0E0B BC2C  62FF 806B B28A ED77 9869
2025-12-31T23:29:44.9818947Z codecov: OK
2025-12-31T23:29:44.9828860Z [0;32m==>[0m CLI integrity verified
2025-12-31T23:29:44.9829202Z
2025-12-31T23:29:45.0440128Z [0;32m ->[0m Token length: 36
2025-12-31T23:29:45.0440714Z [0;32m==>[0m Running upload-coverage
2025-12-31T23:29:45.0449759Z       [0;36m./codecov  upload-coverage -t <redacted> --git-service github --sha 5107e2e853d348432dc245dd795d839c51f95a60 --file ./coverage.xml --flag e2e --gcov-executable gcov --name e2e-tests[0m
2025-12-31T23:29:45.3907833Z info - 2025-12-31 23:29:45,390 -- ci service found: github-actions
2025-12-31T23:29:45.4001136Z warning - 2025-12-31 23:29:45,399 -- No config file could be found. Ignoring config.
2025-12-31T23:29:45.4311308Z warning - 2025-12-31 23:29:45,430 -- xcrun is not installed or can't be found.
2025-12-31T23:29:46.0730445Z warning - 2025-12-31 23:29:46,072 -- No gcov data found.
2025-12-31T23:29:46.0734709Z warning - 2025-12-31 23:29:46,073 -- coverage.py is not installed or can't be found.
2025-12-31T23:29:46.7079599Z warning - 2025-12-31 23:29:46,707 -- Some files were not found --- {"not_found_files": ["coverage.xml"]}
2025-12-31T23:29:46.7269909Z info - 2025-12-31 23:29:46,726 -- Found 0 coverage files to report
2025-12-31T23:29:46.7299934Z Error: No coverage reports found. Please make sure you're generating reports successfully.
2025-12-31T23:29:46.8305557Z Sentry is attempting to send 2 pending events
2025-12-31T23:29:46.8306205Z Waiting up to 2 seconds
2025-12-31T23:29:46.8306636Z Press Ctrl-C to quit
2025-12-31T23:29:46.9460321Z [0;31m==> Failed to run upload-coverage[0m
