2025-12-31T23:29:46.3686041Z ##[group]Run codecov/codecov-action@v5
2025-12-31T23:29:46.3686338Z with:
2025-12-31T23:29:46.3686844Z   token: ***
2025-12-31T23:29:46.3687057Z   files: ./coverage.xml
2025-12-31T23:29:46.3687258Z   flags: unit
2025-12-31T23:29:46.3687426Z   name: unit-tests
2025-12-31T23:29:46.3687621Z   fail_ci_if_error: false
2025-12-31T23:29:46.3687837Z   disable_file_fixes: false
2025-12-31T23:29:46.3688202Z   disable_search: false
2025-12-31T23:29:46.3688408Z   disable_safe_directory: false
2025-12-31T23:29:46.3688631Z   disable_telem: false
2025-12-31T23:29:46.3688823Z   dry_run: false
2025-12-31T23:29:46.3689006Z   git_service: github
2025-12-31T23:29:46.3689198Z   gcov_executable: gcov
2025-12-31T23:29:46.3689405Z   handle_no_reports_found: false
2025-12-31T23:29:46.3689637Z   recurse_submodules: false
2025-12-31T23:29:46.3689857Z   run_command: upload-coverage
2025-12-31T23:29:46.3690070Z   skip_validation: false
2025-12-31T23:29:46.3690283Z   use_legacy_upload_endpoint: false
2025-12-31T23:29:46.3690513Z   use_oidc: false
2025-12-31T23:29:46.3690744Z   use_pypi: false
2025-12-31T23:29:46.3690922Z   verbose: false
2025-12-31T23:29:46.3691279Z   version: latest
2025-12-31T23:29:46.3691452Z env:
2025-12-31T23:29:46.3691612Z   PYTHON_VERSION: 3.12
2025-12-31T23:29:46.3691816Z   ARTIFACT_RETENTION_DAYS: 7
2025-12-31T23:29:46.3692035Z   COVERAGE_RETENTION_DAYS: 30
2025-12-31T23:29:46.3692300Z   UV_CACHE_DIR: /home/runner/work/_temp/setup-uv-cache
2025-12-31T23:29:46.3692579Z ##[endgroup]
2025-12-31T23:29:46.3711410Z ##[group]Run missing_deps=""
2025-12-31T23:29:46.3711677Z [36;1mmissing_deps=""[0m
2025-12-31T23:29:46.3711877Z [36;1m[0m
2025-12-31T23:29:46.3712077Z [36;1m# Check for always-required commands[0m
2025-12-31T23:29:46.3712353Z [36;1mfor cmd in bash git curl; do[0m
2025-12-31T23:29:46.3712623Z [36;1m  if ! command -v "$cmd" >/dev/null 2>&1; then[0m
2025-12-31T23:29:46.3712932Z [36;1m    missing_deps="$missing_deps $cmd"[0m
2025-12-31T23:29:46.3713186Z [36;1m  fi[0m
2025-12-31T23:29:46.3713356Z [36;1mdone[0m
2025-12-31T23:29:46.3713522Z [36;1m[0m
2025-12-31T23:29:46.3713781Z [36;1m# Check for gpg only if validation is not being skipped[0m
2025-12-31T23:29:46.3714094Z [36;1mif [ "false" != "true" ]; then[0m
2025-12-31T23:29:46.3714368Z [36;1m  if ! command -v gpg >/dev/null 2>&1; then[0m
2025-12-31T23:29:46.3714656Z [36;1m    missing_deps="$missing_deps gpg"[0m
2025-12-31T23:29:46.3714901Z [36;1m  fi[0m
2025-12-31T23:29:46.3715059Z [36;1mfi[0m
2025-12-31T23:29:46.3715223Z [36;1m[0m
2025-12-31T23:29:46.3715424Z [36;1m# Report missing required dependencies[0m
2025-12-31T23:29:46.3715702Z [36;1mif [ -n "$missing_deps" ]; then[0m
2025-12-31T23:29:46.3716063Z [36;1m  echo "Error: The following required dependencies are missing:$missing_deps"[0m
2025-12-31T23:29:46.3716526Z [36;1m  echo "Please install these dependencies before using this action."[0m
2025-12-31T23:29:46.3716861Z [36;1m  exit 1[0m
2025-12-31T23:29:46.3717033Z [36;1mfi[0m
2025-12-31T23:29:46.3717187Z [36;1m[0m
2025-12-31T23:29:46.3717429Z [36;1mecho "All required system dependencies are available."[0m
2025-12-31T23:29:46.3906041Z shell: /usr/bin/sh -e {0}
2025-12-31T23:29:46.3906285Z env:
2025-12-31T23:29:46.3906475Z   PYTHON_VERSION: 3.12
2025-12-31T23:29:46.3906695Z   ARTIFACT_RETENTION_DAYS: 7
2025-12-31T23:29:46.3906928Z   COVERAGE_RETENTION_DAYS: 30
2025-12-31T23:29:46.3907191Z   UV_CACHE_DIR: /home/runner/work/_temp/setup-uv-cache
2025-12-31T23:29:46.3907486Z ##[endgroup]
2025-12-31T23:29:46.3974833Z All required system dependencies are available.
2025-12-31T23:29:46.3993609Z ##[group]Run CC_ACTION_VERSION=$(cat ${GITHUB_ACTION_PATH}/src/version)
2025-12-31T23:29:46.3994043Z [36;1mCC_ACTION_VERSION=$(cat ${GITHUB_ACTION_PATH}/src/version)[0m
2025-12-31T23:29:46.3994449Z [36;1mecho -e "\033[0;32m==>\033[0m Running Action version $CC_ACTION_VERSION"[0m
2025-12-31T23:29:46.4024586Z shell: /usr/bin/bash --noprofile --norc -e -o pipefail {0}
2025-12-31T23:29:46.4024903Z env:
2025-12-31T23:29:46.4025078Z   PYTHON_VERSION: 3.12
2025-12-31T23:29:46.4025493Z   ARTIFACT_RETENTION_DAYS: 7
2025-12-31T23:29:46.4025713Z   COVERAGE_RETENTION_DAYS: 30
2025-12-31T23:29:46.4025991Z   UV_CACHE_DIR: /home/runner/work/_temp/setup-uv-cache
2025-12-31T23:29:46.4026273Z ##[endgroup]
2025-12-31T23:29:46.4088570Z [0;32m==>[0m Running Action version 5.5.2
2025-12-31T23:29:46.4109100Z ##[group]Run git config --global --add safe.directory "/home/runner/work/egregora/egregora"
2025-12-31T23:29:46.4109646Z [36;1mgit config --global --add safe.directory "/home/runner/work/egregora/egregora"[0m
2025-12-31T23:29:46.4110099Z [36;1mgit config --global --add safe.directory "$GITHUB_WORKSPACE"[0m
2025-12-31T23:29:46.4139956Z shell: /usr/bin/bash --noprofile --norc -e -o pipefail {0}
2025-12-31T23:29:46.4140277Z env:
2025-12-31T23:29:46.4140451Z   PYTHON_VERSION: 3.12
2025-12-31T23:29:46.4140668Z   ARTIFACT_RETENTION_DAYS: 7
2025-12-31T23:29:46.4140893Z   COVERAGE_RETENTION_DAYS: 30
2025-12-31T23:29:46.4141147Z   UV_CACHE_DIR: /home/runner/work/_temp/setup-uv-cache
2025-12-31T23:29:46.4141440Z ##[endgroup]
2025-12-31T23:29:46.4256508Z ##[group]Run CC_FORK="false"
2025-12-31T23:29:46.4256927Z [36;1mCC_FORK="false"[0m
2025-12-31T23:29:46.4257421Z [36;1mif [ -n "$GITHUB_EVENT_PULL_REQUEST_HEAD_REPO_FULL_NAME" ] && [ "$GITHUB_EVENT_PULL_REQUEST_HEAD_REPO_FULL_NAME" != "$GITHUB_REPOSITORY" ];[0m
2025-12-31T23:29:46.4257943Z [36;1mthen[0m
2025-12-31T23:29:46.4258486Z [36;1m  echo -e "\033[0;32m==>\033[0m Fork detected"[0m
2025-12-31T23:29:46.4258765Z [36;1m  CC_FORK="true"[0m
2025-12-31T23:29:46.4258965Z [36;1mfi[0m
2025-12-31T23:29:46.4259165Z [36;1mecho "CC_FORK=$CC_FORK" >> "$GITHUB_ENV"[0m
2025-12-31T23:29:46.4289650Z shell: /usr/bin/bash --noprofile --norc -e -o pipefail {0}
2025-12-31T23:29:46.4289960Z env:
2025-12-31T23:29:46.4290135Z   PYTHON_VERSION: 3.12
2025-12-31T23:29:46.4290341Z   ARTIFACT_RETENTION_DAYS: 7
2025-12-31T23:29:46.4290557Z   COVERAGE_RETENTION_DAYS: 30
2025-12-31T23:29:46.4290820Z   UV_CACHE_DIR: /home/runner/work/_temp/setup-uv-cache
2025-12-31T23:29:46.4291328Z   GITHUB_EVENT_PULL_REQUEST_HEAD_LABEL: franklinbaldo:fix-gemini-merge-gate-checkout-6442076149617588430
2025-12-31T23:29:46.4291883Z   GITHUB_EVENT_PULL_REQUEST_HEAD_REPO_FULL_NAME: franklinbaldo/egregora
2025-12-31T23:29:46.4292235Z   GITHUB_REPOSITORY: franklinbaldo/egregora
2025-12-31T23:29:46.4292472Z ##[endgroup]
2025-12-31T23:29:46.4394550Z ##[group]Run actions/github-script@60a0d83039c74a4aee543508d2ffcb1c3799cdea
2025-12-31T23:29:46.4394908Z with:
2025-12-31T23:29:46.4395412Z   script: if (process.env.CC_USE_OIDC === 'true' && process.env.CC_FORK != 'true') {
  const id_token = await core.getIDToken(process.env.CC_OIDC_AUDIENCE)
  return id_token
}

2025-12-31T23:29:46.4396125Z   github-token: ***
2025-12-31T23:29:46.4396324Z   debug: false
2025-12-31T23:29:46.4396520Z   user-agent: actions/github-script
2025-12-31T23:29:46.4396768Z   result-encoding: json
2025-12-31T23:29:46.4396963Z   retries: 0
2025-12-31T23:29:46.4397174Z   retry-exempt-status-codes: 400,401,403,404,422
2025-12-31T23:29:46.4397444Z env:
2025-12-31T23:29:46.4397611Z   PYTHON_VERSION: 3.12
2025-12-31T23:29:46.4397820Z   ARTIFACT_RETENTION_DAYS: 7
2025-12-31T23:29:46.4398187Z   COVERAGE_RETENTION_DAYS: 30
2025-12-31T23:29:46.4398450Z   UV_CACHE_DIR: /home/runner/work/_temp/setup-uv-cache
2025-12-31T23:29:46.4398722Z   CC_FORK: false
2025-12-31T23:29:46.4398922Z   CC_OIDC_AUDIENCE: https://codecov.io
2025-12-31T23:29:46.4399162Z   CC_USE_OIDC: false
2025-12-31T23:29:46.4399344Z ##[endgroup]
2025-12-31T23:29:46.5330458Z ##[group]Run if [ "false" == 'true' ] && [ "$CC_FORK" != 'true' ];
2025-12-31T23:29:46.5330879Z [36;1mif [ "false" == 'true' ] && [ "$CC_FORK" != 'true' ];[0m
2025-12-31T23:29:46.5331161Z [36;1mthen[0m
2025-12-31T23:29:46.5331387Z [36;1m  echo "CC_TOKEN=$CC_OIDC_TOKEN" >> "$GITHUB_ENV"[0m
2025-12-31T23:29:46.5331666Z [36;1melif [ -n "" ];[0m
2025-12-31T23:29:46.5331866Z [36;1mthen[0m
2025-12-31T23:29:46.5332096Z [36;1m  echo -e "\033[0;32m==>\033[0m Token set from env"[0m
2025-12-31T23:29:46.5332569Z [36;1m    echo "CC_TOKEN=" >> "$GITHUB_ENV"[0m
2025-12-31T23:29:46.5332821Z [36;1melse[0m
2025-12-31T23:29:46.5333126Z [36;1m  if [ -n "***" ];[0m
2025-12-31T23:29:46.5333338Z [36;1m  then[0m
2025-12-31T23:29:46.5333573Z [36;1m    echo -e "\033[0;32m==>\033[0m Token set from input"[0m
2025-12-31T23:29:46.5333981Z [36;1m    CC_TOKEN=$(echo "***" | tr -d '\n')[0m
2025-12-31T23:29:46.5334282Z [36;1m    echo "CC_TOKEN=$CC_TOKEN" >> "$GITHUB_ENV"[0m
2025-12-31T23:29:46.5334540Z [36;1m  fi[0m
2025-12-31T23:29:46.5334709Z [36;1mfi[0m
2025-12-31T23:29:46.5367035Z shell: /usr/bin/bash --noprofile --norc -e -o pipefail {0}
2025-12-31T23:29:46.5367351Z env:
2025-12-31T23:29:46.5367529Z   PYTHON_VERSION: 3.12
2025-12-31T23:29:46.5367746Z   ARTIFACT_RETENTION_DAYS: 7
2025-12-31T23:29:46.5368084Z   COVERAGE_RETENTION_DAYS: 30
2025-12-31T23:29:46.5368348Z   UV_CACHE_DIR: /home/runner/work/_temp/setup-uv-cache
2025-12-31T23:29:46.5368628Z   CC_FORK: false
2025-12-31T23:29:46.5368823Z   CC_OIDC_TOKEN:
2025-12-31T23:29:46.5369037Z   CC_OIDC_AUDIENCE: https://codecov.io
2025-12-31T23:29:46.5369447Z ##[endgroup]
2025-12-31T23:29:46.5420613Z [0;32m==>[0m Token set from input
2025-12-31T23:29:46.5459151Z ##[group]Run if [ -z "$CC_BRANCH" ] && [ -z "$CC_TOKEN" ] && [ "$CC_FORK" == 'true' ]
2025-12-31T23:29:46.5459598Z [36;1mif [ -z "$CC_BRANCH" ] && [ -z "$CC_TOKEN" ] && [ "$CC_FORK" == 'true' ][0m
2025-12-31T23:29:46.5459920Z [36;1mthen[0m
2025-12-31T23:29:46.5460285Z [36;1m  echo -e "\033[0;32m==>\033[0m Fork detected, setting branch to $GITHUB_EVENT_PULL_REQUEST_HEAD_LABEL"[0m
2025-12-31T23:29:46.5460751Z [36;1m  TOKENLESS="$GITHUB_EVENT_PULL_REQUEST_HEAD_LABEL"[0m
2025-12-31T23:29:46.5461085Z [36;1m  CC_BRANCH="$GITHUB_EVENT_PULL_REQUEST_HEAD_LABEL"[0m
2025-12-31T23:29:46.5461401Z [36;1m  echo "TOKENLESS=$TOKENLESS" >> "$GITHUB_ENV"[0m
2025-12-31T23:29:46.5461667Z [36;1mfi[0m
2025-12-31T23:29:46.5461836Z [36;1m[0m
2025-12-31T23:29:46.5462041Z [36;1mecho "CC_BRANCH=$CC_BRANCH" >> "$GITHUB_ENV"[0m
2025-12-31T23:29:46.5491674Z shell: /usr/bin/bash --noprofile --norc -e -o pipefail {0}
2025-12-31T23:29:46.5491995Z env:
2025-12-31T23:29:46.5492167Z   PYTHON_VERSION: 3.12
2025-12-31T23:29:46.5492391Z   ARTIFACT_RETENTION_DAYS: 7
2025-12-31T23:29:46.5492619Z   COVERAGE_RETENTION_DAYS: 30
2025-12-31T23:29:46.5492882Z   UV_CACHE_DIR: /home/runner/work/_temp/setup-uv-cache
2025-12-31T23:29:46.5493168Z   CC_FORK: false
2025-12-31T23:29:46.5493429Z   CC_TOKEN: ***
2025-12-31T23:29:46.5493606Z   CC_BRANCH:
2025-12-31T23:29:46.5493987Z   GITHUB_EVENT_PULL_REQUEST_HEAD_LABEL: franklinbaldo:fix-gemini-merge-gate-checkout-6442076149617588430
2025-12-31T23:29:46.5494520Z   GITHUB_EVENT_PULL_REQUEST_HEAD_REPO_FULL_NAME: franklinbaldo/egregora
2025-12-31T23:29:46.5494864Z   GITHUB_REPOSITORY: franklinbaldo/egregora
2025-12-31T23:29:46.5495108Z ##[endgroup]
2025-12-31T23:29:46.5566082Z ##[group]Run if [ -z "$CC_SHA" ];
2025-12-31T23:29:46.5566353Z [36;1mif [ -z "$CC_SHA" ];[0m
2025-12-31T23:29:46.5566584Z [36;1mthen[0m
2025-12-31T23:29:46.5566817Z [36;1m  CC_SHA="$GITHUB_EVENT_PULL_REQUEST_HEAD_SHA"[0m
2025-12-31T23:29:46.5567095Z [36;1mfi[0m
2025-12-31T23:29:46.5567316Z [36;1mif [ -z "$CC_PR" ] && [ "$CC_FORK" == 'true' ];[0m
2025-12-31T23:29:46.5567579Z [36;1mthen[0m
2025-12-31T23:29:46.5567769Z [36;1m  CC_PR="$GITHUB_EVENT_NUMBER"[0m
2025-12-31T23:29:46.5568220Z [36;1mfi[0m
2025-12-31T23:29:46.5568405Z [36;1m[0m
2025-12-31T23:29:46.5568598Z [36;1mecho "CC_SHA=$CC_SHA" >> "$GITHUB_ENV"[0m
2025-12-31T23:29:46.5568888Z [36;1mecho "CC_PR=$CC_PR" >> "$GITHUB_ENV"[0m
2025-12-31T23:29:46.5597932Z shell: /usr/bin/bash --noprofile --norc -e -o pipefail {0}
2025-12-31T23:29:46.5598479Z env:
2025-12-31T23:29:46.5598656Z   PYTHON_VERSION: 3.12
2025-12-31T23:29:46.5598862Z   ARTIFACT_RETENTION_DAYS: 7
2025-12-31T23:29:46.5599084Z   COVERAGE_RETENTION_DAYS: 30
2025-12-31T23:29:46.5599347Z   UV_CACHE_DIR: /home/runner/work/_temp/setup-uv-cache
2025-12-31T23:29:46.5599791Z   CC_FORK: false
2025-12-31T23:29:46.5600050Z   CC_TOKEN: ***
2025-12-31T23:29:46.5600220Z   CC_BRANCH:
2025-12-31T23:29:46.5600390Z   CC_PR:
2025-12-31T23:29:46.5600548Z   CC_SHA:
2025-12-31T23:29:46.5600723Z   GITHUB_EVENT_NAME: pull_request
2025-12-31T23:29:46.5600955Z   GITHUB_EVENT_NUMBER: 2028
2025-12-31T23:29:46.5601277Z   GITHUB_EVENT_PULL_REQUEST_HEAD_SHA: 5107e2e853d348432dc245dd795d839c51f95a60
2025-12-31T23:29:46.5601617Z ##[endgroup]
2025-12-31T23:29:46.5676287Z ##[group]Run ${GITHUB_ACTION_PATH}/dist/codecov.sh
2025-12-31T23:29:46.5676630Z [36;1m${GITHUB_ACTION_PATH}/dist/codecov.sh[0m
2025-12-31T23:29:46.5705917Z shell: /usr/bin/bash --noprofile --norc -e -o pipefail {0}
2025-12-31T23:29:46.5706237Z env:
2025-12-31T23:29:46.5706410Z   PYTHON_VERSION: 3.12
2025-12-31T23:29:46.5706623Z   ARTIFACT_RETENTION_DAYS: 7
2025-12-31T23:29:46.5706846Z   COVERAGE_RETENTION_DAYS: 30
2025-12-31T23:29:46.5707107Z   UV_CACHE_DIR: /home/runner/work/_temp/setup-uv-cache
2025-12-31T23:29:46.5707384Z   CC_FORK: false
2025-12-31T23:29:46.5707644Z   CC_TOKEN: ***
2025-12-31T23:29:46.5707818Z   CC_BRANCH:
2025-12-31T23:29:46.5708407Z   CC_SHA: 5107e2e853d348432dc245dd795d839c51f95a60
2025-12-31T23:29:46.5708668Z   CC_PR:
2025-12-31T23:29:46.5708826Z   CC_BASE_SHA:
2025-12-31T23:29:46.5709000Z   CC_BINARY:
2025-12-31T23:29:46.5709164Z   CC_BUILD:
2025-12-31T23:29:46.5709325Z   CC_BUILD_URL:
2025-12-31T23:29:46.5709489Z   CC_CODE:
2025-12-31T23:29:46.5709664Z   CC_DIR:
2025-12-31T23:29:46.5709838Z   CC_DISABLE_FILE_FIXES: false
2025-12-31T23:29:46.5710054Z   CC_DISABLE_SEARCH: false
2025-12-31T23:29:46.5710264Z   CC_DISABLE_TELEM: false
2025-12-31T23:29:46.5710461Z   CC_DRY_RUN: false
2025-12-31T23:29:46.5710645Z   CC_ENTERPRISE_URL:
2025-12-31T23:29:46.5710823Z   CC_ENV:
2025-12-31T23:29:46.5710982Z   CC_EXCLUDES:
2025-12-31T23:29:46.5711167Z   CC_FAIL_ON_ERROR: false
2025-12-31T23:29:46.5711367Z   CC_FILES: ./coverage.xml
2025-12-31T23:29:46.5711557Z   CC_FLAGS: unit
2025-12-31T23:29:46.5711727Z   CC_FORCE:
2025-12-31T23:29:46.5711896Z   CC_GCOV_ARGS:
2025-12-31T23:29:46.5712076Z   CC_GCOV_EXECUTABLE: gcov
2025-12-31T23:29:46.5712272Z   CC_GCOV_IGNORE:
2025-12-31T23:29:46.5712451Z   CC_GCOV_INCLUDE:
2025-12-31T23:29:46.5712632Z   CC_GIT_SERVICE: github
2025-12-31T23:29:46.5712839Z   CC_HANDLE_NO_REPORTS_FOUND: false
2025-12-31T23:29:46.5713067Z   CC_JOB_CODE:
2025-12-31T23:29:46.5713242Z   CC_LEGACY: false
2025-12-31T23:29:46.5713426Z   CC_NAME: unit-tests
2025-12-31T23:29:46.5713613Z   CC_NETWORK_FILTER:
2025-12-31T23:29:46.5713795Z   CC_NETWORK_PREFIX:
2025-12-31T23:29:46.5713982Z   CC_NETWORK_ROOT_FOLDER:
2025-12-31T23:29:46.5714173Z   CC_OS:
2025-12-31T23:29:46.5714331Z   CC_PARENT_SHA:
2025-12-31T23:29:46.5714500Z   CC_PLUGINS:
2025-12-31T23:29:46.5714682Z   CC_RECURSE_SUBMODULES: false
2025-12-31T23:29:46.5714896Z   CC_REPORT_TYPE:
2025-12-31T23:29:46.5715085Z   CC_RUN_CMD: upload-coverage
2025-12-31T23:29:46.5715293Z   CC_SERVICE: github
2025-12-31T23:29:46.5715489Z   CC_SKIP_VALIDATION: false
2025-12-31T23:29:46.5715699Z   CC_SLUG:
2025-12-31T23:29:46.5715864Z   CC_SWIFT_PROJECT:
2025-12-31T23:29:46.5716047Z   CC_USE_PYPI: false
2025-12-31T23:29:46.5716229Z   CC_VERBOSE: false
2025-12-31T23:29:46.5716414Z   CC_VERSION: latest
2025-12-31T23:29:46.5716585Z   CC_YML_PATH:
2025-12-31T23:29:46.5716760Z ##[endgroup]
2025-12-31T23:29:46.5788284Z      _____          _
2025-12-31T23:29:46.5788652Z     / ____|        | |
2025-12-31T23:29:46.5788981Z    | |     ___   __| | ___  ___ _____   __
2025-12-31T23:29:46.5789335Z    | |    / _ \ / _` |/ _ \/ __/ _ \ \ / /
2025-12-31T23:29:46.5789582Z    | |___| (_) | (_| |  __/ (_| (_) \ V /
2025-12-31T23:29:46.5789816Z     \_____\___/ \__,_|\___|\___\___/ \_/
2025-12-31T23:29:46.5790262Z                            [0;31m Wrapper-0.2.7[0m
2025-12-31T23:29:46.5790528Z
2025-12-31T23:29:46.5844866Z [0;32m==>[0m Detected [0;36mlinux[0m
2025-12-31T23:29:46.5845717Z [0;32m ->[0m Downloading [0;36mhttps://cli.codecov.io/latest/linux/codecov[0m
2025-12-31T23:29:46.5896140Z   % Total    % Received % Xferd  Average Speed   Time    Time     Time  Current
2025-12-31T23:29:46.5896862Z                                  Dload  Upload   Total   Spent    Left  Speed
2025-12-31T23:29:46.5897215Z
2025-12-31T23:29:46.7117070Z   0     0    0     0    0     0      0      0 --:--:-- --:--:-- --:--:--     0
2025-12-31T23:29:46.7117715Z 100 10.6M  100 10.6M    0     0  87.1M      0 --:--:-- --:--:-- --:--:-- 87.2M
2025-12-31T23:29:46.7140324Z [0;32m==>[0m Finishing downloading [0;36mlinux:latest[0m
2025-12-31T23:29:46.7581756Z       Version: [0;36mv11.2.6[0m
2025-12-31T23:29:46.7582501Z
2025-12-31T23:29:46.8012298Z gpg: directory '/home/runner/.gnupg' created
2025-12-31T23:29:46.8042910Z gpg: keybox '/home/runner/.gnupg/pubring.kbx' created
2025-12-31T23:29:47.1548992Z gpg: /home/runner/.gnupg/trustdb.gpg: trustdb created
2025-12-31T23:29:47.1549884Z gpg: key 806BB28AED779869: public key "Codecov Uploader (Codecov Uploader Verification Key) <security@codecov.io>" imported
2025-12-31T23:29:47.1894023Z gpg: Total number processed: 1
2025-12-31T23:29:47.1894733Z gpg:               imported: 1
2025-12-31T23:29:47.1900003Z [0;32m==>[0m Verifying GPG signature integrity
2025-12-31T23:29:47.1900667Z [0;32m ->[0m Downloading [0;36mhttps://cli.codecov.io/latest/linux/codecov.SHA256SUM[0m
2025-12-31T23:29:47.1901303Z [0;32m ->[0m Downloading [0;36mhttps://cli.codecov.io/latest/linux/codecov.SHA256SUM.sig[0m
2025-12-31T23:29:47.1901703Z
2025-12-31T23:29:47.2758894Z gpg: Signature made Fri Dec  5 15:31:48 2025 UTC
2025-12-31T23:29:47.2759620Z gpg:                using RSA key 27034E7FDB850E0BBC2C62FF806BB28AED779869
2025-12-31T23:29:47.2761535Z gpg: Good signature from "Codecov Uploader (Codecov Uploader Verification Key) <security@codecov.io>" [unknown]
2025-12-31T23:29:47.2762534Z gpg: WARNING: This key is not certified with a trusted signature!
2025-12-31T23:29:47.2763231Z gpg:          There is no indication that the signature belongs to the owner.
2025-12-31T23:29:47.2764013Z Primary key fingerprint: 2703 4E7F DB85 0E0B BC2C  62FF 806B B28A ED77 9869
2025-12-31T23:29:47.3827325Z codecov: OK
2025-12-31T23:29:47.3838837Z [0;32m==>[0m CLI integrity verified
2025-12-31T23:29:47.3839190Z
2025-12-31T23:29:47.4506490Z [0;32m ->[0m Token length: 36
2025-12-31T23:29:47.4508777Z [0;32m==>[0m Running upload-coverage
2025-12-31T23:29:47.4517139Z       [0;36m./codecov  upload-coverage -t <redacted> --git-service github --sha 5107e2e853d348432dc245dd795d839c51f95a60 --file ./coverage.xml --flag unit --gcov-executable gcov --name unit-tests[0m
2025-12-31T23:29:47.8069517Z info - 2025-12-31 23:29:47,806 -- ci service found: github-actions
2025-12-31T23:29:47.8164254Z warning - 2025-12-31 23:29:47,816 -- No config file could be found. Ignoring config.
2025-12-31T23:29:47.8487044Z warning - 2025-12-31 23:29:47,848 -- xcrun is not installed or can't be found.
2025-12-31T23:29:48.4907870Z warning - 2025-12-31 23:29:48,490 -- No gcov data found.
2025-12-31T23:29:48.4912680Z warning - 2025-12-31 23:29:48,491 -- coverage.py is not installed or can't be found.
2025-12-31T23:29:49.1238322Z warning - 2025-12-31 23:29:49,123 -- Some files were not found --- {"not_found_files": ["coverage.xml"]}
2025-12-31T23:29:49.1431269Z info - 2025-12-31 23:29:49,142 -- Found 0 coverage files to report
2025-12-31T23:29:49.1459743Z Error: No coverage reports found. Please make sure you're generating reports successfully.
2025-12-31T23:29:49.2467649Z Sentry is attempting to send 2 pending events
2025-12-31T23:29:49.2468530Z Waiting up to 2 seconds
2025-12-31T23:29:49.2468841Z Press Ctrl-C to quit
2025-12-31T23:29:49.3591582Z [0;31m==> Failed to run upload-coverage[0m
